Component: ARM Compiler 5.06 update 4 (build 422) Tool: armlink [4d35d2]

==============================================================================

Section Cross References

    usbd_ioreq.o(i.USBD_CtlContinueRx) refers to usbd_conf.o(i.USBD_LL_PrepareReceive) for USBD_LL_PrepareReceive
    usbd_ioreq.o(i.USBD_CtlContinueSendData) refers to usbd_conf.o(i.USBD_LL_Transmit) for USBD_LL_Transmit
    usbd_ioreq.o(i.USBD_CtlPrepareRx) refers to usbd_conf.o(i.USBD_LL_PrepareReceive) for USBD_LL_PrepareReceive
    usbd_ioreq.o(i.USBD_CtlReceiveStatus) refers to usbd_conf.o(i.USBD_LL_PrepareReceive) for USBD_LL_PrepareReceive
    usbd_ioreq.o(i.USBD_CtlSendData) refers to usbd_conf.o(i.USBD_LL_Transmit) for USBD_LL_Transmit
    usbd_ioreq.o(i.USBD_CtlSendStatus) refers to usbd_conf.o(i.USBD_LL_Transmit) for USBD_LL_Transmit
    usbd_ioreq.o(i.USBD_GetRxCount) refers to usbd_conf.o(i.USBD_LL_GetRxDataSize) for USBD_LL_GetRxDataSize
    usbd_customhid.o(i.USBD_CUSTOM_HID_DataOut) refers to usbd_conf.o(i.USBD_LL_PrepareReceive) for USBD_LL_PrepareReceive
    usbd_customhid.o(i.USBD_CUSTOM_HID_DeInit) refers to usbd_conf.o(i.USBD_LL_CloseEP) for USBD_LL_CloseEP
    usbd_customhid.o(i.USBD_CUSTOM_HID_DeInit) refers to malloc.o(i.free) for free
    usbd_customhid.o(i.USBD_CUSTOM_HID_GetCfgDesc) refers to usbd_customhid.o(.data) for USBD_CUSTOM_HID_CfgDesc
    usbd_customhid.o(i.USBD_CUSTOM_HID_GetDeviceQualifierDesc) refers to usbd_customhid.o(.data) for USBD_CUSTOM_HID_DeviceQualifierDesc
    usbd_customhid.o(i.USBD_CUSTOM_HID_Init) refers to usbd_conf.o(i.USBD_LL_OpenEP) for USBD_LL_OpenEP
    usbd_customhid.o(i.USBD_CUSTOM_HID_Init) refers to malloc.o(i.malloc) for malloc
    usbd_customhid.o(i.USBD_CUSTOM_HID_Init) refers to usbd_conf.o(i.USBD_LL_PrepareReceive) for USBD_LL_PrepareReceive
    usbd_customhid.o(i.USBD_CUSTOM_HID_SendReport) refers to usbd_conf.o(i.USBD_LL_Transmit) for USBD_LL_Transmit
    usbd_customhid.o(i.USBD_CUSTOM_HID_Setup) refers to usbd_ioreq.o(i.USBD_CtlSendData) for USBD_CtlSendData
    usbd_customhid.o(i.USBD_CUSTOM_HID_Setup) refers to usbd_ioreq.o(i.USBD_CtlPrepareRx) for USBD_CtlPrepareRx
    usbd_customhid.o(i.USBD_CUSTOM_HID_Setup) refers to usbd_ctlreq.o(i.USBD_CtlError) for USBD_CtlError
    usbd_customhid.o(i.USBD_CUSTOM_HID_Setup) refers to usbd_customhid.o(.data) for USBD_CUSTOM_HID_Desc
    usbd_customhid.o(.data) refers to usbd_customhid.o(i.USBD_CUSTOM_HID_Init) for USBD_CUSTOM_HID_Init
    usbd_customhid.o(.data) refers to usbd_customhid.o(i.USBD_CUSTOM_HID_DeInit) for USBD_CUSTOM_HID_DeInit
    usbd_customhid.o(.data) refers to usbd_customhid.o(i.USBD_CUSTOM_HID_Setup) for USBD_CUSTOM_HID_Setup
    usbd_customhid.o(.data) refers to usbd_customhid.o(i.USBD_CUSTOM_HID_EP0_RxReady) for USBD_CUSTOM_HID_EP0_RxReady
    usbd_customhid.o(.data) refers to usbd_customhid.o(i.USBD_CUSTOM_HID_DataIn) for USBD_CUSTOM_HID_DataIn
    usbd_customhid.o(.data) refers to usbd_customhid.o(i.USBD_CUSTOM_HID_DataOut) for USBD_CUSTOM_HID_DataOut
    usbd_customhid.o(.data) refers to usbd_customhid.o(i.USBD_CUSTOM_HID_GetCfgDesc) for USBD_CUSTOM_HID_GetCfgDesc
    usbd_customhid.o(.data) refers to usbd_customhid.o(i.USBD_CUSTOM_HID_GetDeviceQualifierDesc) for USBD_CUSTOM_HID_GetDeviceQualifierDesc
    usbd_core.o(i.USBD_DeInit) refers to usbd_conf.o(i.USBD_LL_Stop) for USBD_LL_Stop
    usbd_core.o(i.USBD_DeInit) refers to usbd_conf.o(i.USBD_LL_DeInit) for USBD_LL_DeInit
    usbd_core.o(i.USBD_Init) refers to usbd_conf.o(i.USBD_LL_Init) for USBD_LL_Init
    usbd_core.o(i.USBD_LL_DataInStage) refers to usbd_ioreq.o(i.USBD_CtlContinueSendData) for USBD_CtlContinueSendData
    usbd_core.o(i.USBD_LL_DataInStage) refers to usbd_conf.o(i.USBD_LL_PrepareReceive) for USBD_LL_PrepareReceive
    usbd_core.o(i.USBD_LL_DataInStage) refers to usbd_ioreq.o(i.USBD_CtlReceiveStatus) for USBD_CtlReceiveStatus
    usbd_core.o(i.USBD_LL_DataInStage) refers to usbd_core.o(i.USBD_RunTestMode) for USBD_RunTestMode
    usbd_core.o(i.USBD_LL_DataOutStage) refers to usbd_ioreq.o(i.USBD_CtlContinueRx) for USBD_CtlContinueRx
    usbd_core.o(i.USBD_LL_DataOutStage) refers to usbd_ioreq.o(i.USBD_CtlSendStatus) for USBD_CtlSendStatus
    usbd_core.o(i.USBD_LL_Reset) refers to usbd_conf.o(i.USBD_LL_OpenEP) for USBD_LL_OpenEP
    usbd_core.o(i.USBD_LL_SetupStage) refers to usbd_ctlreq.o(i.USBD_ParseSetupRequest) for USBD_ParseSetupRequest
    usbd_core.o(i.USBD_LL_SetupStage) refers to usbd_ctlreq.o(i.USBD_StdDevReq) for USBD_StdDevReq
    usbd_core.o(i.USBD_LL_SetupStage) refers to usbd_ctlreq.o(i.USBD_StdItfReq) for USBD_StdItfReq
    usbd_core.o(i.USBD_LL_SetupStage) refers to usbd_ctlreq.o(i.USBD_StdEPReq) for USBD_StdEPReq
    usbd_core.o(i.USBD_LL_SetupStage) refers to usbd_conf.o(i.USBD_LL_StallEP) for USBD_LL_StallEP
    usbd_core.o(i.USBD_Start) refers to usbd_conf.o(i.USBD_LL_Start) for USBD_LL_Start
    usbd_core.o(i.USBD_Stop) refers to usbd_conf.o(i.USBD_LL_Stop) for USBD_LL_Stop
[...]
    i.TIM_ETR_SetConfig                      0x0800375c   Section        0  stm32f4xx_hal_tim.o(i.TIM_ETR_SetConfig)
    TIM_ETR_SetConfig                        0x0800375d   Thumb Code    24  stm32f4xx_hal_tim.o(i.TIM_ETR_SetConfig)
    i.TIM_ITRx_SetConfig                     0x08003774   Section        0  stm32f4xx_hal_tim.o(i.TIM_ITRx_SetConfig)
    TIM_ITRx_SetConfig                       0x08003775   Thumb Code    20  stm32f4xx_hal_tim.o(i.TIM_ITRx_SetConfig)
    i.TIM_SlaveTimer_SetConfig               0x08003788   Section        0  stm32f4xx_hal_tim.o(i.TIM_SlaveTimer_SetConfig)
    TIM_SlaveTimer_SetConfig                 0x08003789   Thumb Code   164  stm32f4xx_hal_tim.o(i.TIM_SlaveTimer_SetConfig)
    i.TIM_TI1_ConfigInputStage               0x0800382c   Section        0  stm32f4xx_hal_tim.o(i.TIM_TI1_ConfigInputStage)
    TIM_TI1_ConfigInputStage                 0x0800382d   Thumb Code    42  stm32f4xx_hal_tim.o(i.TIM_TI1_ConfigInputStage)
    i.TIM_TI2_ConfigInputStage               0x08003856   Section        0  stm32f4xx_hal_tim.o(i.TIM_TI2_ConfigInputStage)
    TIM_TI2_ConfigInputStage                 0x08003857   Thumb Code    44  stm32f4xx_hal_tim.o(i.TIM_TI2_ConfigInputStage)
    i.UC_AI                                  0x08003884   Section        0  usb_card.o(i.UC_AI)
    i.UC_AO                                  0x08003894   Section        0  usb_card.o(i.UC_AO)
    i.UC_C                                   0x080038b0   Section        0  usb_card.o(i.UC_C)
    i.UC_DI                                  0x080038c0   Section        0  usb_card.o(i.UC_DI)
    i.UC_DO                                  0x08003938   Section        0  usb_card.o(i.UC_DO)
    i.USBD_CUSTOM_HID_DataIn                 0x08003a34   Section        0  usbd_customhid.o(i.USBD_CUSTOM_HID_DataIn)
    USBD_CUSTOM_HID_DataIn                   0x08003a35   Thumb Code    14  usbd_customhid.o(i.USBD_CUSTOM_HID_DataIn)
    i.USBD_CUSTOM_HID_DataOut                0x08003a42   Section        0  usbd_customhid.o(i.USBD_CUSTOM_HID_DataOut)
    USBD_CUSTOM_HID_DataOut                  0x08003a43   Thumb Code    38  usbd_customhid.o(i.USBD_CUSTOM_HID_DataOut)
    i.USBD_CUSTOM_HID_DeInit                 0x08003a68   Section        0  usbd_customhid.o(i.USBD_CUSTOM_HID_DeInit)
    USBD_CUSTOM_HID_DeInit                   0x08003a69   Thumb Code    54  usbd_customhid.o(i.USBD_CUSTOM_HID_DeInit)
    i.USBD_CUSTOM_HID_EP0_RxReady            0x08003a9e   Section        0  usbd_customhid.o(i.USBD_CUSTOM_HID_EP0_RxReady)
    USBD_CUSTOM_HID_EP0_RxReady              0x08003a9f   Thumb Code    34  usbd_customhid.o(i.USBD_CUSTOM_HID_EP0_RxReady)
    i.USBD_CUSTOM_HID_GetCfgDesc             0x08003ac0   Section        0  usbd_customhid.o(i.USBD_CUSTOM_HID_GetCfgDesc)
    USBD_CUSTOM_HID_GetCfgDesc               0x08003ac1   Thumb Code    10  usbd_customhid.o(i.USBD_CUSTOM_HID_GetCfgDesc)
    i.USBD_CUSTOM_HID_GetDeviceQualifierDesc 0x08003ad0   Section        0  usbd_customhid.o(i.USBD_CUSTOM_HID_GetDeviceQualifierDesc)
    USBD_CUSTOM_HID_GetDeviceQualifierDesc   0x08003ad1   Thumb Code    10  usbd_customhid.o(i.USBD_CUSTOM_HID_GetDeviceQualifierDesc)
    i.USBD_CUSTOM_HID_Init                   0x08003ae0   Section        0  usbd_customhid.o(i.USBD_CUSTOM_HID_Init)
    USBD_CUSTOM_HID_Init                     0x08003ae1   Thumb Code    90  usbd_customhid.o(i.USBD_CUSTOM_HID_Init)
    i.USBD_CUSTOM_HID_RegisterInterface      0x08003b3a   Section        0  usbd_customhid.o(i.USBD_CUSTOM_HID_RegisterInterface)
    i.USBD_CUSTOM_HID_SendReport             0x08003b48   Section        0  usbd_customhid.o(i.USBD_CUSTOM_HID_SendReport)
    i.USBD_CUSTOM_HID_Setup                  0x08003b7c   Section        0  usbd_customhid.o(i.USBD_CUSTOM_HID_Setup)
    USBD_CUSTOM_HID_Setup                    0x08003b7d   Thumb Code   246  usbd_customhid.o(i.USBD_CUSTOM_HID_Setup)
    i.USBD_ClrClassConfig                    0x08003c78   Section        0  usbd_core.o(i.USBD_ClrClassConfig)
    i.USBD_ClrFeature                        0x08003c8e   Section        0  usbd_ctlreq.o(i.USBD_ClrFeature)
    USBD_ClrFeature                          0x08003c8f   Thumb Code    68  usbd_ctlreq.o(i.USBD_ClrFeature)
    i.USBD_CtlContinueRx                     0x08003cd2   Section        0  usbd_ioreq.o(i.USBD_CtlContinueRx)
    i.USBD_CtlContinueSendData               0x08003cea   Section        0  usbd_ioreq.o(i.USBD_CtlContinueSendData)
    i.USBD_CtlError                          0x08003d02   Section        0  usbd_ctlreq.o(i.USBD_CtlError)
    i.USBD_CtlPrepareRx                      0x08003d1a   Section        0  usbd_ioreq.o(i.USBD_CtlPrepareRx)
    i.USBD_CtlReceiveStatus                  0x08003d42   Section        0  usbd_ioreq.o(i.USBD_CtlReceiveStatus)
    i.USBD_CtlSendData                       0x08003d5c   Section        0  usbd_ioreq.o(i.USBD_CtlSendData)
    i.USBD_CtlSendStatus                     0x08003d7e   Section        0  usbd_ioreq.o(i.USBD_CtlSendStatus)
    i.USBD_FS_ConfigStrDescriptor            0x08003d98   Section        0  usbd_desc.o(i.USBD_FS_ConfigStrDescriptor)
    i.USBD_FS_DeviceDescriptor               0x08003dd4   Section        0  usbd_desc.o(i.USBD_FS_DeviceDescriptor)
    i.USBD_FS_InterfaceStrDescriptor         0x08003de4   Section        0  usbd_desc.o(i.USBD_FS_InterfaceStrDescriptor)
    i.USBD_FS_LangIDStrDescriptor            0x08003e28   Section        0  usbd_desc.o(i.USBD_FS_LangIDStrDescriptor)
    i.USBD_FS_ManufacturerStrDescriptor      0x08003e38   Section        0  usbd_desc.o(i.USBD_FS_ManufacturerStrDescriptor)
    i.USBD_FS_ProductStrDescriptor           0x08003e60   Section        0  usbd_desc.o(i.USBD_FS_ProductStrDescriptor)
    i.USBD_FS_SerialStrDescriptor            0x08003e9c   Section        0  usbd_desc.o(i.USBD_FS_SerialStrDescriptor)
    i.USBD_GetConfig                         0x08003ed4   Section        0  usbd_ctlreq.o(i.USBD_GetConfig)
    USBD_GetConfig                           0x08003ed5   Thumb Code    80  usbd_ctlreq.o(i.USBD_GetConfig)
    i.USBD_GetDescriptor                     0x08003f24   Section        0  usbd_ctlreq.o(i.USBD_GetDescriptor)
    USBD_GetDescriptor                       0x08003f25   Thumb Code   336  usbd_ctlreq.o(i.USBD_GetDescriptor)
    i.USBD_GetLen                            0x08004074   Section        0  usbd_ctlreq.o(i.USBD_GetLen)
    USBD_GetLen                              0x08004075   Thumb Code    20  usbd_ctlreq.o(i.USBD_GetLen)
    i.USBD_GetStatus                         0x08004088   Section        0  usbd_ctlreq.o(i.USBD_GetStatus)
    USBD_GetStatus                           0x08004089   Thumb Code    68  usbd_ctlreq.o(i.USBD_GetStatus)
    i.USBD_GetString                         0x080040cc   Section        0  usbd_ctlreq.o(i.USBD_GetString)
    i.USBD_Init                              0x0800411e   Section        0  usbd_core.o(i.USBD_Init)
    i.USBD_LL_ClearStallEP                   0x08004150   Section        0  usbd_conf.o(i.USBD_LL_ClearStallEP)
    i.USBD_LL_CloseEP                        0x08004194   Section        0  usbd_conf.o(i.USBD_LL_CloseEP)
    i.USBD_LL_DataInStage                    0x080041d8   Section        0  usbd_core.o(i.USBD_LL_DataInStage)
    i.USBD_LL_DataOutStage                   0x080042b2   Section        0  usbd_core.o(i.USBD_LL_DataOutStage)
    i.USBD_LL_DevConnected                   0x08004338   Section        0  usbd_core.o(i.USBD_LL_DevConnected)
    i.USBD_LL_DevDisconnected                0x0800433e   Section        0  usbd_core.o(i.USBD_LL_DevDisconnected)
    i.USBD_LL_Init                           0x08004358   Section        0  usbd_conf.o(i.USBD_LL_Init)
    i.USBD_LL_IsStallEP                      0x080043c8   Section        0  usbd_conf.o(i.USBD_LL_IsStallEP)
    i.USBD_LL_IsoINIncomplete                0x08004400   Section        0  usbd_core.o(i.USBD_LL_IsoINIncomplete)
    i.USBD_LL_IsoOUTIncomplete               0x08004406   Section        0  usbd_core.o(i.USBD_LL_IsoOUTIncomplete)
    i.USBD_LL_OpenEP                         0x0800440c   Section        0  usbd_conf.o(i.USBD_LL_OpenEP)
    i.USBD_LL_PrepareReceive                 0x0800446e   Section        0  usbd_conf.o(i.USBD_LL_PrepareReceive)
    i.USBD_LL_Reset                          0x080044d0   Section        0  usbd_core.o(i.USBD_LL_Reset)
    i.USBD_LL_Resume                         0x08004514   Section        0  usbd_core.o(i.USBD_LL_Resume)
    i.USBD_LL_SOF                            0x08004522   Section        0  usbd_core.o(i.USBD_LL_SOF)
    i.USBD_LL_SetSpeed                       0x08004544   Section        0  usbd_core.o(i.USBD_LL_SetSpeed)
    i.USBD_LL_SetUSBAddress                  0x0800454c   Section        0  usbd_conf.o(i.USBD_LL_SetUSBAddress)
    i.USBD_LL_SetupStage                     0x08004590   Section        0  usbd_core.o(i.USBD_LL_SetupStage)
    i.USBD_LL_StallEP                        0x080045fe   Section        0  usbd_conf.o(i.USBD_LL_StallEP)
    i.USBD_LL_Start                          0x08004642   Section        0  usbd_conf.o(i.USBD_LL_Start)
    i.USBD_LL_Suspend                        0x0800467e   Section        0  usbd_core.o(i.USBD_LL_Suspend)
    i.USBD_LL_Transmit                       0x08004692   Section        0  usbd_conf.o(i.USBD_LL_Transmit)
    i.USBD_ParseSetupRequest                 0x080046f4   Section        0  usbd_ctlreq.o(i.USBD_ParseSetupRequest)
    i.USBD_RegisterClass                     0x0800471c   Section        0  usbd_core.o(i.USBD_RegisterClass)
    i.USBD_RunTestMode                       0x0800472c   Section        0  usbd_core.o(i.USBD_RunTestMode)
    i.USBD_SetAddress                        0x08004732   Section        0  usbd_ctlreq.o(i.USBD_SetAddress)
    USBD_SetAddress                          0x08004733   Thumb Code    84  usbd_ctlreq.o(i.USBD_SetAddress)
    i.USBD_SetClassConfig                    0x08004786   Section        0  usbd_core.o(i.USBD_SetClassConfig)
    i.USBD_SetConfig                         0x080047a8   Section        0  usbd_ctlreq.o(i.USBD_SetConfig)
    USBD_SetConfig                           0x080047a9   Thumb Code   218  usbd_ctlreq.o(i.USBD_SetConfig)
    i.USBD_SetFeature                        0x08004888   Section        0  usbd_ctlreq.o(i.USBD_SetFeature)
    USBD_SetFeature                          0x08004889   Thumb Code    36  usbd_ctlreq.o(i.USBD_SetFeature)
    i.USBD_Start                             0x080048ac   Section        0  usbd_core.o(i.USBD_Start)
    i.USBD_StdDevReq                         0x080048ba   Section        0  usbd_ctlreq.o(i.USBD_StdDevReq)
    i.USBD_StdEPReq                          0x0800492c   Section        0  usbd_ctlreq.o(i.USBD_StdEPReq)
    i.USBD_StdItfReq                         0x08004a82   Section        0  usbd_ctlreq.o(i.USBD_StdItfReq)
    i.USB_ActivateEndpoint                   0x08004acc   Section        0  stm32f4xx_ll_usb.o(i.USB_ActivateEndpoint)
    i.USB_ActivateSetup                      0x08004b90   Section        0  stm32f4xx_ll_usb.o(i.USB_ActivateSetup)
    i.USB_CoreInit                           0x08004bd4   Section        0  stm32f4xx_ll_usb.o(i.USB_CoreInit)
    i.USB_CoreReset                          0x08004c44   Section        0  stm32f4xx_ll_usb.o(i.USB_CoreReset)
    USB_CoreReset                            0x08004c45   Thumb Code    70  stm32f4xx_ll_usb.o(i.USB_CoreReset)
    i.USB_DeactivateEndpoint                 0x08004c90   Section        0  stm32f4xx_ll_usb.o(i.USB_DeactivateEndpoint)
    i.USB_DevConnect                         0x08004d9c   Section        0  stm32f4xx_ll_usb.o(i.USB_DevConnect)
    i.USB_DevDisconnect                      0x08004dba   Section        0  stm32f4xx_ll_usb.o(i.USB_DevDisconnect)
    i.USB_DevInit                            0x08004dd8   Section        0  stm32f4xx_ll_usb.o(i.USB_DevInit)
    i.USB_DisableGlobalInt                   0x08004f78   Section        0  stm32f4xx_ll_usb.o(i.USB_DisableGlobalInt)
    i.USB_EP0StartXfer                       0x08004f88   Section        0  stm32f4xx_ll_usb.o(i.USB_EP0StartXfer)
    i.USB_EP0_OutStart                       0x08005134   Section        0  stm32f4xx_ll_usb.o(i.USB_EP0_OutStart)
    i.USB_EPClearStall                       0x08005178   Section        0  stm32f4xx_ll_usb.o(i.USB_EPClearStall)
    i.USB_EPSetStall                         0x08005200   Section        0  stm32f4xx_ll_usb.o(i.USB_EPSetStall)
    i.USB_EPStartXfer                        0x0800528c   Section        0  stm32f4xx_ll_usb.o(i.USB_EPStartXfer)
    i.USB_EnableGlobalInt                    0x0800555c   Section        0  stm32f4xx_ll_usb.o(i.USB_EnableGlobalInt)
    i.USB_FlushRxFifo                        0x0800556c   Section        0  stm32f4xx_ll_usb.o(i.USB_FlushRxFifo)
    i.USB_FlushTxFifo                        0x08005598   Section        0  stm32f4xx_ll_usb.o(i.USB_FlushTxFifo)
    i.USB_GetDevSpeed                        0x080055c8   Section        0  stm32f4xx_ll_usb.o(i.USB_GetDevSpeed)
    i.USB_GetMode                            0x0800560c   Section        0  stm32f4xx_ll_usb.o(i.USB_GetMode)
    i.USB_RX_Interrupt                       0x08005618   Section        0  usb_card.o(i.USB_RX_Interrupt)
    i.USB_ReadDevAllInEpInterrupt            0x08005750   Section        0  stm32f4xx_ll_usb.o(i.USB_ReadDevAllInEpInterrupt)
    i.USB_ReadDevAllOutEpInterrupt           0x08005762   Section        0  stm32f4xx_ll_usb.o(i.USB_ReadDevAllOutEpInterrupt)
    i.USB_ReadDevInEPInterrupt               0x08005774   Section        0  stm32f4xx_ll_usb.o(i.USB_ReadDevInEPInterrupt)
    i.USB_ReadDevOutEPInterrupt              0x080057a0   Section        0  stm32f4xx_ll_usb.o(i.USB_ReadDevOutEPInterrupt)
    i.USB_ReadInterrupts                     0x080057b6   Section        0  stm32f4xx_ll_usb.o(i.USB_ReadInterrupts)
    i.USB_ReadPacket                         0x080057c2   Section        0  stm32f4xx_ll_usb.o(i.USB_ReadPacket)
    i.USB_SetCurrentMode                     0x080057e4   Section        0  stm32f4xx_ll_usb.o(i.USB_SetCurrentMode)
    i.USB_SetDevAddress                      0x08005814   Section        0  stm32f4xx_ll_usb.o(i.USB_SetDevAddress)
    i.USB_SetDevSpeed                        0x08005838   Section        0  stm32f4xx_ll_usb.o(i.USB_SetDevSpeed)
    i.USB_WritePacket                        0x08005848   Section        0  stm32f4xx_ll_usb.o(i.USB_WritePacket)
    i.UsageFault_Handler                     0x08005878   Section        0  stm32f4xx_it.o(i.UsageFault_Handler)
    i.__0snprintf$6                          0x0800587c   Section        0  printf6.o(i.__0snprintf$6)
    i.__aeabi_errno_addr                     0x080058ac   Section        0  errno.o(i.__aeabi_errno_addr)
    i.__scatterload_copy                     0x080058b4   Section       14  handlers.o(i.__scatterload_copy)
    i.__scatterload_null                     0x080058c2   Section        2  handlers.o(i.__scatterload_null)
    i.__scatterload_zeroinit                 0x080058c4   Section       14  handlers.o(i.__scatterload_zeroinit)
    i._printf_core                           0x080058d4   Section        0  printf6.o(i._printf_core)
    _printf_core                             0x080058d5   Thumb Code   748  printf6.o(i._printf_core)
    i._printf_post_padding                   0x08005bc4   Section        0  printf6.o(i._printf_post_padding)
    _printf_post_padding                     0x08005bc5   Thumb Code    36  printf6.o(i._printf_post_padding)
    i._printf_pre_padding                    0x08005be8   Section        0  printf6.o(i._printf_pre_padding)
    _printf_pre_padding                      0x08005be9   Thumb Code    46  printf6.o(i._printf_pre_padding)
    i._snputc                                0x08005c16   Section        0  printf6.o(i._snputc)
    _snputc                                  0x08005c17   Thumb Code    22  printf6.o(i._snputc)
    i.free                                   0x08005c2c   Section        0  malloc.o(i.free)
    i.main                                   0x08005c7c   Section        0  main.o(i.main)
    i.malloc                                 0x08005cec   Section        0  malloc.o(i.malloc)
    .constdata                               0x08005d58   Section        8  stm32f4xx_hal_dma.o(.constdata)
    flagBitshiftOffset                       0x08005d58   Data           8  stm32f4xx_hal_dma.o(.constdata)
    .constdata                               0x08005d60   Section       24  system_stm32f4xx.o(.constdata)
    .constdata                               0x08005d78   Section      129  ctype_o.o(.constdata)
    .constdata                               0x08005dfc   Section        4  ctype_o.o(.constdata)
    table                                    0x08005dfc   Data           4  ctype_o.o(.constdata)
    .data                                    0x20000000   Section      178  usbd_customhid.o(.data)
    USBD_CUSTOM_HID_CfgDesc                  0x2000003c   Data          41  usbd_customhid.o(.data)
    USBD_CUSTOM_HID_Desc                     0x20000068   Data          64  usbd_customhid.o(.data)
    USBD_CUSTOM_HID_DeviceQualifierDesc      0x200000a8   Data          10  usbd_customhid.o(.data)
    .data                                    0x200000b2   Section        1  usbd_ctlreq.o(.data)
    cfgidx                                   0x200000b2   Data           1  usbd_ctlreq.o(.data)
    .data                                    0x200000b4   Section       52  usbd_desc.o(.data)
    .data                                    0x200000e8   Section        4  main.o(.data)
    ui16ADC_Value                            0x200000e8   Data           4  main.o(.data)
    .data                                    0x200000ec   Section       80  usbd_custom_hid_if.o(.data)
    CUSTOM_HID_ReportDesc_FS                 0x200000ec   Data          64  usbd_custom_hid_if.o(.data)
    .data                                    0x2000013c   Section        1  usb_card.o(.data)
    .data                                    0x20000140   Section        4  stm32f4xx_hal.o(.data)
    .data                                    0x20000144   Section        4  system_stm32f4xx.o(.data)
    .data                                    0x20000148   Section        4  strtok.o(.data)
    state                                    0x20000148   Data           4  strtok.o(.data)
    .data                                    0x2000014c   Section        4  mvars.o(.data)
    .data                                    0x20000150   Section        4  mvars.o(.data)
    .data                                    0x20000154   Section        4  errno.o(.data)
    _errno                                   0x20000154   Data           4  errno.o(.data)
    .bss                                     0x20000158   Section      548  usb_device.o(.bss)
    .bss                                     0x2000037c   Section      512  usbd_desc.o(.bss)
    .bss                                     0x2000057c   Section      368  main.o(.bss)
    .bss                                     0x200006ec   Section     1008  usbd_conf.o(.bss)
    .bss                                     0x20000adc   Section      156  usb_card.o(.bss)
    ui8Buf_Data                              0x20000af8   Data          64  usb_card.o(.bss)
    ui8Buff_Rec                              0x20000b38   Data          64  usb_card.o(.bss)
    HEAP                                     0x20000b78   Section      512  startup_stm32f407xx.o(HEAP)
    STACK                                    0x20000d78   Section     1024  startup_stm32f407xx.o(STACK)

    Global Symbols

    Symbol Name                              Value     Ov Type        Size  Object(Section)

    BuildAttributes$$THM_ISAv4$E$P$D$K$B$S$7EM$VFPi3$EXTD16$VFPS$VFMA$PE$A:L22UL41UL21$X:L11$S22US41US21$IEEE1$IW$USESV6$~STKCKD$USESV7$~SHL$OSPACE$ROPI$EBA8$MICROLIB$REQ8$PRES8$EABIv2 0x00000000   Number         0  anon$$obj.o ABSOLUTE
    __ARM_use_no_argv                        0x00000000   Number         0  main.o ABSOLUTE
    _printf_a                                0x00000000   Number         0  stubs.o ABSOLUTE
    _printf_c                                0x00000000   Number         0  stubs.o ABSOLUTE
    _printf_charcount                        0x00000000   Number         0  stubs.o ABSOLUTE
    _printf_d                                0x00000000   Number         0  stubs.o ABSOLUTE
    _printf_e                                0x00000000   Number         0  stubs.o ABSOLUTE
    _printf_f                                0x00000000   Number         0  stubs.o ABSOLUTE
    _printf_flags                            0x00000000   Number         0  stubs.o ABSOLUTE
    _printf_fp_dec                           0x00000000   Number         0  stubs.o ABSOLUTE
    _printf_fp_hex                           0x00000000   Number         0  stubs.o ABSOLUTE
    _printf_g                                0x00000000   Number         0  stubs.o ABSOLUTE
    _printf_i                                0x00000000   Number         0  stubs.o ABSOLUTE
    _printf_int_dec                          0x00000000   Number         0  stubs.o ABSOLUTE
    _printf_l                                0x00000000   Number         0  stubs.o ABSOLUTE
    _printf_lc                               0x00000000   Number         0  stubs.o ABSOLUTE
    _printf_ll                               0x00000000   Number         0  stubs.o ABSOLUTE
    _printf_lld                              0x00000000   Number         0  stubs.o ABSOLUTE
    _printf_lli                              0x00000000   Number         0  stubs.o ABSOLUTE
    _printf_llo                              0x00000000   Number         0  stubs.o ABSOLUTE
    _printf_llu                              0x00000000   Number         0  stubs.o ABSOLUTE
    _printf_llx                              0x00000000   Number         0  stubs.o ABSOLUTE
    _printf_longlong_dec                     0x00000000   Number         0  stubs.o ABSOLUTE
    _printf_longlong_hex                     0x00000000   Number         0  stubs.o ABSOLUTE
    _printf_longlong_oct                     0x00000000   Number         0  stubs.o ABSOLUTE
    _printf_ls                               0x00000000   Number         0  stubs.o ABSOLUTE
    _printf_mbtowc                           0x00000000   Number         0  stubs.o ABSOLUTE
    _printf_n                                0x00000000   Number         0  stubs.o ABSOLUTE
    _printf_o                                0x00000000   Number         0  stubs.o ABSOLUTE
    _printf_p                                0x00000000   Number         0  stubs.o ABSOLUTE
    _printf_percent                          0x00000000   Number         0  stubs.o ABSOLUTE
    _printf_pre_padding                      0x00000000   Number         0  stubs.o ABSOLUTE
    _printf_return_value                     0x00000000   Number         0  stubs.o ABSOLUTE
    _printf_s                                0x00000000   Number         0  stubs.o ABSOLUTE
    _printf_sizespec                         0x00000000   Number         0  stubs.o ABSOLUTE
    _printf_str                              0x00000000   Number         0  stubs.o ABSOLUTE
    _printf_truncate_signed                  0x00000000   Number         0  stubs.o ABSOLUTE
    _printf_truncate_unsigned                0x00000000   Number         0  stubs.o ABSOLUTE
    _printf_u                                0x00000000   Number         0  stubs.o ABSOLUTE
    _printf_wc                               0x00000000   Number         0  stubs.o ABSOLUTE
    _printf_wctomb                           0x00000000   Number         0  stubs.o ABSOLUTE
    _printf_widthprec                        0x00000000   Number         0  stubs.o ABSOLUTE
    _printf_x                                0x00000000   Number         0  stubs.o ABSOLUTE
    __cpp_initialize__aeabi_                  - Undefined Weak Reference
    __cxa_finalize                            - Undefined Weak Reference
    _clock_init                               - Undefined Weak Reference
    _microlib_exit                            - Undefined Weak Reference
    __Vectors_Size                           0x00000188   Number         0  startup_stm32f407xx.o ABSOLUTE
    __Vectors                                0x08000000   Data           4  startup_stm32f407xx.o(RESET)
    __Vectors_End                            0x08000188   Data           0  startup_stm32f407xx.o(RESET)
    __main                                   0x08000189   Thumb Code     0  entry.o(.ARM.Collect$$$$00000000)
    _main_stk                                0x08000189   Thumb Code     0  entry2.o(.ARM.Collect$$$$00000001)
    _main_scatterload                        0x0800018d   Thumb Code     0  entry5.o(.ARM.Collect$$$$00000004)
    __main_after_scatterload                 0x08000191   Thumb Code     0  entry5.o(.ARM.Collect$$$$00000004)
    _main_clock                              0x08000191   Thumb Code     0  entry7b.o(.ARM.Collect$$$$00000008)
    _main_cpp_init                           0x08000191   Thumb Code     0  entry8b.o(.ARM.Collect$$$$0000000A)
    _main_init                               0x08000191   Thumb Code     0  entry9a.o(.ARM.Collect$$$$0000000B)
    __rt_final_cpp                           0x08000199   Thumb Code     0  entry10a.o(.ARM.Collect$$$$0000000D)
    __rt_final_exit                          0x08000199   Thumb Code     0  entry11a.o(.ARM.Collect$$$$0000000F)
    Reset_Handler                            0x0800019d   Thumb Code     8  startup_stm32f407xx.o(.text)
    CAN1_RX0_IRQHandler                      0x080001b7   Thumb Code     0  startup_stm32f407xx.o(.text)
    CAN1_RX1_IRQHandler                      0x080001b7   Thumb Code     0  startup_stm32f407xx.o(.text)
    CAN1_SCE_IRQHandler                      0x080001b7   Thumb Code     0  startup_stm32f407xx.o(.text)
    CAN1_TX_IRQHandler                       0x080001b7   Thumb Code     0  startup_stm32f407xx.o(.text)
    CAN2_RX0_IRQHandler                      0x080001b7   Thumb Code     0  startup_stm32f407xx.o(.text)
    CAN2_RX1_IRQHandler                      0x080001b7   Thumb Code     0  startup_stm32f407xx.o(.text)
    CAN2_SCE_IRQHandler                      0x080001b7   Thumb Code     0  startup_stm32f407xx.o(.text)
    CAN2_TX_IRQHandler                       0x080001b7   Thumb Code     0  startup_stm32f407xx.o(.text)
    DCMI_IRQHandler                          0x080001b7   Thumb Code     0  startup_stm32f407xx.o(.text)
    DMA1_Stream0_IRQHandler                  0x080001b7   Thumb Code     0  startup_stm32f407xx.o(.text)
    DMA1_Stream1_IRQHandler                  0x080001b7   Thumb Code     0  startup_stm32f407xx.o(.text)
    DMA1_Stream2_IRQHandler                  0x080001b7   Thumb Code     0  startup_stm32f407xx.o(.text)
    DMA1_Stream3_IRQHandler                  0x080001b7   Thumb Code     0  startup_stm32f407xx.o(.text)
    DMA1_Stream4_IRQHandler                  0x080001b7   Thumb Code     0  startup_stm32f407xx.o(.text)
    DMA1_Stream5_IRQHandler                  0x080001b7   Thumb Code     0  startup_stm32f407xx.o(.text)
    DMA1_Stream6_IRQHandler                  0x080001b7   Thumb Code     0  startup_stm32f407xx.o(.text)
    DMA1_Stream7_IRQHandler                  0x080001b7   Thumb Code     0  startup_stm32f407xx.o(.text)
    DMA2_Stream1_IRQHandler                  0x080001b7   Thumb Code     0  startup_stm32f407xx.o(.text)
    DMA2_Stream2_IRQHandler                  0x080001b7   Thumb Code     0  startup_stm32f407xx.o(.text)
    DMA2_Stream3_IRQHandler                  0x080001b7   Thumb Code     0  startup_stm32f407xx.o(.text)
    DMA2_Stream4_IRQHandler                  0x080001b7   Thumb Code     0  startup_stm32f407xx.o(.text)
    DMA2_Stream5_IRQHandler                  0x080001b7   Thumb Code     0  startup_stm32f407xx.o(.text)
    DMA2_Stream6_IRQHandler                  0x080001b7   Thumb Code     0  startup_stm32f407xx.o(.text)
    DMA2_Stream7_IRQHandler                  0x080001b7   Thumb Code     0  startup_stm32f407xx.o(.text)
    ETH_IRQHandler                           0x080001b7   Thumb Code     0  startup_stm32f407xx.o(.text)
    ETH_WKUP_IRQHandler                      0x080001b7   Thumb Code     0  startup_stm32f407xx.o(.text)
    EXTI0_IRQHandler                         0x080001b7   Thumb Code     0  startup_stm32f407xx.o(.text)
    EXTI15_10_IRQHandler                     0x080001b7   Thumb Code     0  startup_stm32f407xx.o(.text)
    EXTI1_IRQHandler                         0x080001b7   Thumb Code     0  startup_stm32f407xx.o(.text)
    EXTI2_IRQHandler                         0x080001b7   Thumb Code     0  startup_stm32f407xx.o(.text)
    EXTI3_IRQHandler                         0x080001b7   Thumb Code     0  startup_stm32f407xx.o(.text)
    EXTI4_IRQHandler                         0x080001b7   Thumb Code     0  startup_stm32f407xx.o(.text)
    EXTI9_5_IRQHandler                       0x080001b7   Thumb Code     0  startup_stm32f407xx.o(.text)
    FLASH_IRQHandler                         0x080001b7   Thumb Code     0  startup_stm32f407xx.o(.text)
    FMC_IRQHandler                           0x080001b7   Thumb Code     0  startup_stm32f407xx.o(.text)
    FPU_IRQHandler                           0x080001b7   Thumb Code     0  startup_stm32f407xx.o(.text)
    HASH_RNG_IRQHandler                      0x080001b7   Thumb Code     0  startup_stm32f407xx.o(.text)
    I2C1_ER_IRQHandler                       0x080001b7   Thumb Code     0  startup_stm32f407xx.o(.text)
    I2C1_EV_IRQHandler                       0x080001b7   Thumb Code     0  startup_stm32f407xx.o(.text)
    I2C2_ER_IRQHandler                       0x080001b7   Thumb Code     0  startup_stm32f407xx.o(.text)
    I2C2_EV_IRQHandler                       0x080001b7   Thumb Code     0  startup_stm32f407xx.o(.text)
    I2C3_ER_IRQHandler                       0x080001b7   Thumb Code     0  startup_stm32f407xx.o(.text)
    I2C3_EV_IRQHandler                       0x080001b7   Thumb Code     0  startup_stm32f407xx.o(.text)
    OTG_FS_WKUP_IRQHandler                   0x080001b7   Thumb Code     0  startup_stm32f407xx.o(.text)
    OTG_HS_EP1_IN_IRQHandler                 0x080001b7   Thumb Code     0  startup_stm32f407xx.o(.text)
    OTG_HS_EP1_OUT_IRQHandler                0x080001b7   Thumb Code     0  startup_stm32f407xx.o(.text)
    OTG_HS_IRQHandler                        0x080001b7   Thumb Code     0  startup_stm32f407xx.o(.text)
    OTG_HS_WKUP_IRQHandler                   0x080001b7   Thumb Code     0  startup_stm32f407xx.o(.text)
    PVD_IRQHandler                           0x080001b7   Thumb Code     0  startup_stm32f407xx.o(.text)
    RCC_IRQHandler                           0x080001b7   Thumb Code     0  startup_stm32f407xx.o(.text)
    RTC_Alarm_IRQHandler                     0x080001b7   Thumb Code     0  startup_stm32f407xx.o(.text)
    RTC_WKUP_IRQHandler                      0x080001b7   Thumb Code     0  startup_stm32f407xx.o(.text)
    SDIO_IRQHandler                          0x080001b7   Thumb Code     0  startup_stm32f407xx.o(.text)
    SPI1_IRQHandler                          0x080001b7   Thumb Code     0  startup_stm32f407xx.o(.text)
    SPI2_IRQHandler                          0x080001b7   Thumb Code     0  startup_stm32f407xx.o(.text)
    SPI3_IRQHandler                          0x080001b7   Thumb Code     0  startup_stm32f407xx.o(.text)
    TAMP_STAMP_IRQHandler                    0x080001b7   Thumb Code     0  startup_stm32f407xx.o(.text)
    TIM1_BRK_TIM9_IRQHandler                 0x080001b7   Thumb Code     0  startup_stm32f407xx.o(.text)
    TIM1_CC_IRQHandler                       0x080001b7   Thumb Code     0  startup_stm32f407xx.o(.text)
    TIM1_TRG_COM_TIM11_IRQHandler            0x080001b7   Thumb Code     0  startup_stm32f407xx.o(.text)
    TIM1_UP_TIM10_IRQHandler                 0x080001b7   Thumb Code     0  startup_stm32f407xx.o(.text)
    TIM4_IRQHandler                          0x080001b7   Thumb Code     0  startup_stm32f407xx.o(.text)
    TIM5_IRQHandler                          0x080001b7   Thumb Code     0  startup_stm32f407xx.o(.text)
    TIM6_DAC_IRQHandler                      0x080001b7   Thumb Code     0  startup_stm32f407xx.o(.text)
    TIM7_IRQHandler                          0x080001b7   Thumb Code     0  startup_stm32f407xx.o(.text)
    TIM8_CC_IRQHandler                       0x080001b7   Thumb Code     0  startup_stm32f407xx.o(.text)
    TIM8_TRG_COM_TIM14_IRQHandler            0x080001b7   Thumb Code     0  startup_stm32f407xx.o(.text)
    TIM8_UP_TIM13_IRQHandler                 0x080001b7   Thumb Code     0  startup_stm32f407xx.o(.text)
    UART4_IRQHandler                         0x080001b7   Thumb Code     0  startup_stm32f407xx.o(.text)
    UART5_IRQHandler                         0x080001b7   Thumb Code     0  startup_stm32f407xx.o(.text)
    USART1_IRQHandler                        0x080001b7   Thumb Code     0  startup_stm32f407xx.o(.text)
    USART2_IRQHandler                        0x080001b7   Thumb Code     0  startup_stm32f407xx.o(.text)
    USART3_IRQHandler                        0x080001b7   Thumb Code     0  startup_stm32f407xx.o(.text)
    USART6_IRQHandler                        0x080001b7   Thumb Code     0  startup_stm32f407xx.o(.text)
    WWDG_IRQHandler                          0x080001b7   Thumb Code     0  startup_stm32f407xx.o(.text)
    __aeabi_memcpy                           0x080001c1   Thumb Code    36  memcpya.o(.text)
    __aeabi_memcpy4                          0x080001c1   Thumb Code     0  memcpya.o(.text)
    __aeabi_memcpy8                          0x080001c1   Thumb Code     0  memcpya.o(.text)
    strcmp                                   0x080001e5   Thumb Code    28  strcmp.o(.text)
    strtok                                   0x08000201   Thumb Code    62  strtok.o(.text)
    atoi                                     0x08000245   Thumb Code    26  atoi.o(.text)
    __aeabi_uidiv                            0x0800025f   Thumb Code     0  uidiv.o(.text)
    __aeabi_uidivmod                         0x0800025f   Thumb Code    44  uidiv.o(.text)
    strtol                                   0x0800028b   Thumb Code   112  strtol.o(.text)
    __scatterload                            0x080002fd   Thumb Code    28  init.o(.text)
    __scatterload_rt2                        0x080002fd   Thumb Code     0  init.o(.text)
    __rt_ctype_table                         0x08000321   Thumb Code     4  ctype_o.o(.text)
    _strtoul                                 0x08000329   Thumb Code   158  _strtoul.o(.text)
    _chval                                   0x080003c7   Thumb Code    28  _chval.o(.text)
    __decompress                             0x080003e3   Thumb Code     0  __dczerorl2.o(.text)
    __decompress1                            0x080003e3   Thumb Code    86  __dczerorl2.o(.text)
    ADC_IRQHandler                           0x080004d1   Thumb Code    10  stm32f4xx_it.o(i.ADC_IRQHandler)
    ADC_Read_All                             0x0800064d   Thumb Code    14  main.o(i.ADC_Read_All)
    BusFault_Handler                         0x08000661   Thumb Code     4  stm32f4xx_it.o(i.BusFault_Handler)
    Counter_Read_All                         0x0800067d   Thumb Code    18  main.o(i.Counter_Read_All)
    Counter_Reset                            0x08000699   Thumb Code    26  main.o(i.Counter_Reset)
    DAC_Write_Channel                        0x080006bd   Thumb Code    42  main.o(i.DAC_Write_Channel)
    DMA2_Stream0_IRQHandler                  0x080006ed   Thumb Code    10  stm32f4xx_it.o(i.DMA2_Stream0_IRQHandler)
    DebugMon_Handler                         0x08000807   Thumb Code     2  stm32f4xx_it.o(i.DebugMon_Handler)
    Error_Handler                            0x08000809   Thumb Code    14  main.o(i.Error_Handler)
    HAL_ADCEx_InjectedConvCpltCallback       0x0800081d   Thumb Code     2  stm32f4xx_hal_adc_ex.o(i.HAL_ADCEx_InjectedConvCpltCallback)
    HAL_ADC_ConfigChannel                    0x08000821   Thumb Code   380  stm32f4xx_hal_adc.o(i.HAL_ADC_ConfigChannel)
    HAL_ADC_ConvCpltCallback                 0x080009ad   Thumb Code     2  stm32f4xx_hal_adc.o(i.HAL_ADC_ConvCpltCallback)
    HAL_ADC_ConvHalfCpltCallback             0x080009af   Thumb Code     2  stm32f4xx_hal_adc.o(i.HAL_ADC_ConvHalfCpltCallback)
    HAL_ADC_ErrorCallback                    0x080009b1   Thumb Code     2  stm32f4xx_hal_adc.o(i.HAL_ADC_ErrorCallback)
    HAL_ADC_IRQHandler                       0x080009b3   Thumb Code   372  stm32f4xx_hal_adc.o(i.HAL_ADC_IRQHandler)
    HAL_ADC_Init                             0x08000b29   Thumb Code   100  stm32f4xx_hal_adc.o(i.HAL_ADC_Init)
    HAL_ADC_LevelOutOfWindowCallback         0x08000b91   Thumb Code     2  stm32f4xx_hal_adc.o(i.HAL_ADC_LevelOutOfWindowCallback)
    HAL_ADC_MspInit                          0x08000b95   Thumb Code   146  stm32f4xx_hal_msp.o(i.HAL_ADC_MspInit)
    HAL_ADC_Start_DMA                        0x08000c3d   Thumb Code   300  stm32f4xx_hal_adc.o(i.HAL_ADC_Start_DMA)
    HAL_DAC_ConfigChannel                    0x08000d85   Thumb Code    90  stm32f4xx_hal_dac.o(i.HAL_DAC_ConfigChannel)
    HAL_DAC_Init                             0x08000ddf   Thumb Code    40  stm32f4xx_hal_dac.o(i.HAL_DAC_Init)
    HAL_DAC_MspInit                          0x08000e09   Thumb Code    70  stm32f4xx_hal_msp.o(i.HAL_DAC_MspInit)
    HAL_DAC_SetValue                         0x08000e5d   Thumb Code    44  stm32f4xx_hal_dac.o(i.HAL_DAC_SetValue)
    HAL_DAC_Start                            0x08000e89   Thumb Code   140  stm32f4xx_hal_dac.o(i.HAL_DAC_Start)
    HAL_DMA_IRQHandler                       0x08000f15   Thumb Code   574  stm32f4xx_hal_dma.o(i.HAL_DMA_IRQHandler)
    HAL_DMA_Init                             0x0800115d   Thumb Code   232  stm32f4xx_hal_dma.o(i.HAL_DMA_Init)
    HAL_DMA_Start_IT                         0x08001249   Thumb Code   158  stm32f4xx_hal_dma.o(i.HAL_DMA_Start_IT)
    HAL_Delay                                0x080012e7   Thumb Code    30  stm32f4xx_hal.o(i.HAL_Delay)
    HAL_GPIO_Init                            0x08001305   Thumb Code   466  stm32f4xx_hal_gpio.o(i.HAL_GPIO_Init)
    HAL_GPIO_ReadPin                         0x08001505   Thumb Code    16  stm32f4xx_hal_gpio.o(i.HAL_GPIO_ReadPin)
    HAL_GPIO_TogglePin                       0x08001515   Thumb Code     8  stm32f4xx_hal_gpio.o(i.HAL_GPIO_TogglePin)
    HAL_GPIO_WritePin                        0x0800151d   Thumb Code    12  stm32f4xx_hal_gpio.o(i.HAL_GPIO_WritePin)
    HAL_GetTick                              0x08001529   Thumb Code     6  stm32f4xx_hal.o(i.HAL_GetTick)
    HAL_IncTick                              0x08001535   Thumb Code    12  stm32f4xx_hal.o(i.HAL_IncTick)
    HAL_Init                                 0x08001545   Thumb Code    54  stm32f4xx_hal.o(i.HAL_Init)
    HAL_InitTick                             0x08001581   Thumb Code    36  stm32f4xx_hal.o(i.HAL_InitTick)
    HAL_MspInit                              0x080015a9   Thumb Code    86  stm32f4xx_hal_msp.o(i.HAL_MspInit)
    HAL_NVIC_EnableIRQ                       0x080015ff   Thumb Code    26  stm32f4xx_hal_cortex.o(i.HAL_NVIC_EnableIRQ)
    HAL_NVIC_SetPriority                     0x08001619   Thumb Code   124  stm32f4xx_hal_cortex.o(i.HAL_NVIC_SetPriority)
    HAL_NVIC_SetPriorityGrouping             0x08001695   Thumb Code    32  stm32f4xx_hal_cortex.o(i.HAL_NVIC_SetPriorityGrouping)
    HAL_PCDEx_SetRxFiFo                      0x080016bd   Thumb Code    10  stm32f4xx_hal_pcd_ex.o(i.HAL_PCDEx_SetRxFiFo)
    HAL_PCDEx_SetTxFiFo                      0x080016c7   Thumb Code    82  stm32f4xx_hal_pcd_ex.o(i.HAL_PCDEx_SetTxFiFo)
    HAL_PCD_ConnectCallback                  0x08001719   Thumb Code    14  usbd_conf.o(i.HAL_PCD_ConnectCallback)
    HAL_PCD_DataInStageCallback              0x08001727   Thumb Code    32  usbd_conf.o(i.HAL_PCD_DataInStageCallback)
    HAL_PCD_DataOutStageCallback             0x08001747   Thumb Code    32  usbd_conf.o(i.HAL_PCD_DataOutStageCallback)
    HAL_PCD_DisconnectCallback               0x08001767   Thumb Code    14  usbd_conf.o(i.HAL_PCD_DisconnectCallback)
    HAL_PCD_EP_Close                         0x08001775   Thumb Code   106  stm32f4xx_hal_pcd.o(i.HAL_PCD_EP_Close)
    HAL_PCD_EP_ClrStall                      0x080017df   Thumb Code   104  stm32f4xx_hal_pcd.o(i.HAL_PCD_EP_ClrStall)
    HAL_PCD_EP_Open                          0x08001847   Thumb Code   140  stm32f4xx_hal_pcd.o(i.HAL_PCD_EP_Open)
    HAL_PCD_EP_Receive                       0x080018d3   Thumb Code    88  stm32f4xx_hal_pcd.o(i.HAL_PCD_EP_Receive)
    HAL_PCD_EP_SetStall                      0x0800192b   Thumb Code   122  stm32f4xx_hal_pcd.o(i.HAL_PCD_EP_SetStall)
    HAL_PCD_EP_Transmit                      0x080019a5   Thumb Code    90  stm32f4xx_hal_pcd.o(i.HAL_PCD_EP_Transmit)
    HAL_PCD_IRQHandler                       0x08001a01   Thumb Code  1642  stm32f4xx_hal_pcd.o(i.HAL_PCD_IRQHandler)
    HAL_PCD_ISOINIncompleteCallback          0x08002095   Thumb Code    18  usbd_conf.o(i.HAL_PCD_ISOINIncompleteCallback)
    HAL_PCD_ISOOUTIncompleteCallback         0x080020a7   Thumb Code    18  usbd_conf.o(i.HAL_PCD_ISOOUTIncompleteCallback)
    HAL_PCD_Init                             0x080020b9   Thumb Code   322  stm32f4xx_hal_pcd.o(i.HAL_PCD_Init)
    HAL_PCD_MspInit                          0x080021fd   Thumb Code   116  usbd_conf.o(i.HAL_PCD_MspInit)
    HAL_PCD_ResetCallback                    0x08002279   Thumb Code    50  usbd_conf.o(i.HAL_PCD_ResetCallback)
    HAL_PCD_ResumeCallback                   0x080022ab   Thumb Code    14  usbd_conf.o(i.HAL_PCD_ResumeCallback)
    HAL_PCD_SOFCallback                      0x080022b9   Thumb Code    14  usbd_conf.o(i.HAL_PCD_SOFCallback)
    HAL_PCD_SetAddress                       0x080022c7   Thumb Code    50  stm32f4xx_hal_pcd.o(i.HAL_PCD_SetAddress)
    HAL_PCD_SetupStageCallback               0x080022f9   Thumb Code    18  usbd_conf.o(i.HAL_PCD_SetupStageCallback)
    HAL_PCD_Start                            0x0800230b   Thumb Code    52  stm32f4xx_hal_pcd.o(i.HAL_PCD_Start)
    HAL_PCD_SuspendCallback                  0x08002341   Thumb Code    46  usbd_conf.o(i.HAL_PCD_SuspendCallback)
    HAL_RCC_ClockConfig                      0x08002375   Thumb Code   446  stm32f4xx_hal_rcc.o(i.HAL_RCC_ClockConfig)
    HAL_RCC_GetHCLKFreq                      0x08002545   Thumb Code     6  stm32f4xx_hal_rcc.o(i.HAL_RCC_GetHCLKFreq)
    HAL_RCC_GetSysClockFreq                  0x08002551   Thumb Code   168  stm32f4xx_hal_rcc.o(i.HAL_RCC_GetSysClockFreq)
    HAL_RCC_OscConfig                        0x08002605   Thumb Code  1090  stm32f4xx_hal_rcc.o(i.HAL_RCC_OscConfig)
    HAL_SYSTICK_CLKSourceConfig              0x08002a51   Thumb Code    40  stm32f4xx_hal_cortex.o(i.HAL_SYSTICK_CLKSourceConfig)
    HAL_SYSTICK_Callback                     0x08002a79   Thumb Code     2  stm32f4xx_hal_cortex.o(i.HAL_SYSTICK_Callback)
    HAL_SYSTICK_Config                       0x08002a7b   Thumb Code    52  stm32f4xx_hal_cortex.o(i.HAL_SYSTICK_Config)
    HAL_SYSTICK_IRQHandler                   0x08002aaf   Thumb Code     8  stm32f4xx_hal_cortex.o(i.HAL_SYSTICK_IRQHandler)
    HAL_TIMEx_BreakCallback                  0x08002ab7   Thumb Code     2  stm32f4xx_hal_tim_ex.o(i.HAL_TIMEx_BreakCallback)
    HAL_TIMEx_CommutationCallback            0x08002ab9   Thumb Code     2  stm32f4xx_hal_tim_ex.o(i.HAL_TIMEx_CommutationCallback)
    HAL_TIMEx_MasterConfigSynchronization    0x08002abb   Thumb Code    98  stm32f4xx_hal_tim_ex.o(i.HAL_TIMEx_MasterConfigSynchronization)
    HAL_TIM_Base_Init                        0x08002b1d   Thumb Code    52  stm32f4xx_hal_tim.o(i.HAL_TIM_Base_Init)
    HAL_TIM_Base_MspInit                     0x08002b51   Thumb Code   230  stm32f4xx_hal_msp.o(i.HAL_TIM_Base_MspInit)
    HAL_TIM_Base_Start_IT                    0x08002c4d   Thumb Code    30  stm32f4xx_hal_tim.o(i.HAL_TIM_Base_Start_IT)
    HAL_TIM_ConfigClockSource                0x08002c6b   Thumb Code   306  stm32f4xx_hal_tim.o(i.HAL_TIM_ConfigClockSource)
    HAL_TIM_IC_CaptureCallback               0x08002d9d   Thumb Code     2  stm32f4xx_hal_tim.o(i.HAL_TIM_IC_CaptureCallback)
    HAL_TIM_IRQHandler                       0x08002d9f   Thumb Code   406  stm32f4xx_hal_tim.o(i.HAL_TIM_IRQHandler)
    HAL_TIM_OC_DelayElapsedCallback          0x08002f35   Thumb Code     2  stm32f4xx_hal_tim.o(i.HAL_TIM_OC_DelayElapsedCallback)
    HAL_TIM_PWM_PulseFinishedCallback        0x08002f37   Thumb Code     2  stm32f4xx_hal_tim.o(i.HAL_TIM_PWM_PulseFinishedCallback)
    HAL_TIM_PeriodElapsedCallback            0x08002f39   Thumb Code     2  stm32f4xx_hal_tim.o(i.HAL_TIM_PeriodElapsedCallback)
    HAL_TIM_SlaveConfigSynchronization       0x08002f3b   Thumb Code    86  stm32f4xx_hal_tim.o(i.HAL_TIM_SlaveConfigSynchronization)
    HAL_TIM_TriggerCallback                  0x08002f91   Thumb Code     2  stm32f4xx_hal_tim.o(i.HAL_TIM_TriggerCallback)
    HardFault_Handler                        0x08002f93   Thumb Code     4  stm32f4xx_it.o(i.HardFault_Handler)
    Loop_Cycle                               0x08002f99   Thumb Code   118  usb_card.o(i.Loop_Cycle)
    MX_USB_DEVICE_Init                       0x080033e5   Thumb Code    36  usb_device.o(i.MX_USB_DEVICE_Init)
    MemManage_Handler                        0x08003419   Thumb Code     4  stm32f4xx_it.o(i.MemManage_Handler)
    NMI_Handler                              0x0800341d   Thumb Code     2  stm32f4xx_it.o(i.NMI_Handler)
    OTG_FS_IRQHandler                        0x08003459   Thumb Code    10  stm32f4xx_it.o(i.OTG_FS_IRQHandler)
    PendSV_Handler                           0x0800350b   Thumb Code     2  stm32f4xx_it.o(i.PendSV_Handler)
    SVC_Handler                              0x0800350d   Thumb Code     2  stm32f4xx_it.o(i.SVC_Handler)
    SysTick_Handler                          0x0800350f   Thumb Code    12  stm32f4xx_it.o(i.SysTick_Handler)
    SystemClock_Config                       0x0800351d   Thumb Code   186  main.o(i.SystemClock_Config)
    SystemInit                               0x080035e1   Thumb Code    82  system_stm32f4xx.o(i.SystemInit)
    TIM2_IRQHandler                          0x08003645   Thumb Code    14  stm32f4xx_it.o(i.TIM2_IRQHandler)
    TIM3_IRQHandler                          0x08003659   Thumb Code    10  stm32f4xx_it.o(i.TIM3_IRQHandler)
    TIM8_BRK_TIM12_IRQHandler                0x08003669   Thumb Code    10  stm32f4xx_it.o(i.TIM8_BRK_TIM12_IRQHandler)
    TIM_Base_SetConfig                       0x08003679   Thumb Code   184  stm32f4xx_hal_tim.o(i.TIM_Base_SetConfig)
    UC_AI                                    0x08003885   Thumb Code    10  usb_card.o(i.UC_AI)
    UC_AO                                    0x08003895   Thumb Code    24  usb_card.o(i.UC_AO)
    UC_C                                     0x080038b1   Thumb Code    10  usb_card.o(i.UC_C)
    UC_DI                                    0x080038c1   Thumb Code   102  usb_card.o(i.UC_DI)
    UC_DO                                    0x08003939   Thumb Code   236  usb_card.o(i.UC_DO)
    USBD_CUSTOM_HID_RegisterInterface        0x08003b3b   Thumb Code    14  usbd_customhid.o(i.USBD_CUSTOM_HID_RegisterInterface)
    USBD_CUSTOM_HID_SendReport               0x08003b49   Thumb Code    52  usbd_customhid.o(i.USBD_CUSTOM_HID_SendReport)
    USBD_ClrClassConfig                      0x08003c79   Thumb Code    22  usbd_core.o(i.USBD_ClrClassConfig)
    USBD_CtlContinueRx                       0x08003cd3   Thumb Code    24  usbd_ioreq.o(i.USBD_CtlContinueRx)
    USBD_CtlContinueSendData                 0x08003ceb   Thumb Code    24  usbd_ioreq.o(i.USBD_CtlContinueSendData)
    USBD_CtlError                            0x08003d03   Thumb Code    24  usbd_ctlreq.o(i.USBD_CtlError)
    USBD_CtlPrepareRx                        0x08003d1b   Thumb Code    40  usbd_ioreq.o(i.USBD_CtlPrepareRx)
    USBD_CtlReceiveStatus                    0x08003d43   Thumb Code    26  usbd_ioreq.o(i.USBD_CtlReceiveStatus)
    USBD_CtlSendData                         0x08003d5d   Thumb Code    34  usbd_ioreq.o(i.USBD_CtlSendData)
    USBD_CtlSendStatus                       0x08003d7f   Thumb Code    26  usbd_ioreq.o(i.USBD_CtlSendStatus)
    USBD_FS_ConfigStrDescriptor              0x08003d99   Thumb Code    34  usbd_desc.o(i.USBD_FS_ConfigStrDescriptor)
    USBD_FS_DeviceDescriptor                 0x08003dd5   Thumb Code    10  usbd_desc.o(i.USBD_FS_DeviceDescriptor)
    USBD_FS_InterfaceStrDescriptor           0x08003de5   Thumb Code    34  usbd_desc.o(i.USBD_FS_InterfaceStrDescriptor)
    USBD_FS_LangIDStrDescriptor              0x08003e29   Thumb Code    10  usbd_desc.o(i.USBD_FS_LangIDStrDescriptor)
    USBD_FS_ManufacturerStrDescriptor        0x08003e39   Thumb Code    20  usbd_desc.o(i.USBD_FS_ManufacturerStrDescriptor)
    USBD_FS_ProductStrDescriptor             0x08003e61   Thumb Code    34  usbd_desc.o(i.USBD_FS_ProductStrDescriptor)
    USBD_FS_SerialStrDescriptor              0x08003e9d   Thumb Code    34  usbd_desc.o(i.USBD_FS_SerialStrDescriptor)
    USBD_GetString                           0x080040cd   Thumb Code    82  usbd_ctlreq.o(i.USBD_GetString)
    USBD_Init                                0x0800411f   Thumb Code    50  usbd_core.o(i.USBD_Init)
    USBD_LL_ClearStallEP                     0x08004151   Thumb Code    68  usbd_conf.o(i.USBD_LL_ClearStallEP)
    USBD_LL_CloseEP                          0x08004195   Thumb Code    68  usbd_conf.o(i.USBD_LL_CloseEP)
    USBD_LL_DataInStage                      0x080041d9   Thumb Code   218  usbd_core.o(i.USBD_LL_DataInStage)
    USBD_LL_DataOutStage                     0x080042b3   Thumb Code   134  usbd_core.o(i.USBD_LL_DataOutStage)
    USBD_LL_DevConnected                     0x08004339   Thumb Code     6  usbd_core.o(i.USBD_LL_DevConnected)
    USBD_LL_DevDisconnected                  0x0800433f   Thumb Code    26  usbd_core.o(i.USBD_LL_DevDisconnected)
    USBD_LL_Init                             0x08004359   Thumb Code   106  usbd_conf.o(i.USBD_LL_Init)
    USBD_LL_IsStallEP                        0x080043c9   Thumb Code    56  usbd_conf.o(i.USBD_LL_IsStallEP)
    USBD_LL_IsoINIncomplete                  0x08004401   Thumb Code     6  usbd_core.o(i.USBD_LL_IsoINIncomplete)
    USBD_LL_IsoOUTIncomplete                 0x08004407   Thumb Code     6  usbd_core.o(i.USBD_LL_IsoOUTIncomplete)
    USBD_LL_OpenEP                           0x0800440d   Thumb Code    98  usbd_conf.o(i.USBD_LL_OpenEP)
    USBD_LL_PrepareReceive                   0x0800446f   Thumb Code    98  usbd_conf.o(i.USBD_LL_PrepareReceive)
    USBD_LL_Reset                            0x080044d1   Thumb Code    68  usbd_core.o(i.USBD_LL_Reset)
    USBD_LL_Resume                           0x08004515   Thumb Code    14  usbd_core.o(i.USBD_LL_Resume)
    USBD_LL_SOF                              0x08004523   Thumb Code    34  usbd_core.o(i.USBD_LL_SOF)
    USBD_LL_SetSpeed                         0x08004545   Thumb Code     8  usbd_core.o(i.USBD_LL_SetSpeed)
    USBD_LL_SetUSBAddress                    0x0800454d   Thumb Code    68  usbd_conf.o(i.USBD_LL_SetUSBAddress)
    USBD_LL_SetupStage                       0x08004591   Thumb Code   110  usbd_core.o(i.USBD_LL_SetupStage)
    USBD_LL_StallEP                          0x080045ff   Thumb Code    68  usbd_conf.o(i.USBD_LL_StallEP)
    USBD_LL_Start                            0x08004643   Thumb Code    60  usbd_conf.o(i.USBD_LL_Start)
    USBD_LL_Suspend                          0x0800467f   Thumb Code    20  usbd_core.o(i.USBD_LL_Suspend)
    USBD_LL_Transmit                         0x08004693   Thumb Code    98  usbd_conf.o(i.USBD_LL_Transmit)
    USBD_ParseSetupRequest                   0x080046f5   Thumb Code    40  usbd_ctlreq.o(i.USBD_ParseSetupRequest)
    USBD_RegisterClass                       0x0800471d   Thumb Code    16  usbd_core.o(i.USBD_RegisterClass)
    USBD_RunTestMode                         0x0800472d   Thumb Code     6  usbd_core.o(i.USBD_RunTestMode)
    USBD_SetClassConfig                      0x08004787   Thumb Code    34  usbd_core.o(i.USBD_SetClassConfig)
    USBD_Start                               0x080048ad   Thumb Code    14  usbd_core.o(i.USBD_Start)
    USBD_StdDevReq                           0x080048bb   Thumb Code   114  usbd_ctlreq.o(i.USBD_StdDevReq)
    USBD_StdEPReq                            0x0800492d   Thumb Code   342  usbd_ctlreq.o(i.USBD_StdEPReq)
    USBD_StdItfReq                           0x08004a83   Thumb Code    74  usbd_ctlreq.o(i.USBD_StdItfReq)
    USB_ActivateEndpoint                     0x08004acd   Thumb Code   192  stm32f4xx_ll_usb.o(i.USB_ActivateEndpoint)
    USB_ActivateSetup                        0x08004b91   Thumb Code    68  stm32f4xx_ll_usb.o(i.USB_ActivateSetup)
    USB_CoreInit                             0x08004bd5   Thumb Code   108  stm32f4xx_ll_usb.o(i.USB_CoreInit)
    USB_DeactivateEndpoint                   0x08004c91   Thumb Code   258  stm32f4xx_ll_usb.o(i.USB_DeactivateEndpoint)
    USB_DevConnect                           0x08004d9d   Thumb Code    30  stm32f4xx_ll_usb.o(i.USB_DevConnect)
    USB_DevDisconnect                        0x08004dbb   Thumb Code    30  stm32f4xx_ll_usb.o(i.USB_DevDisconnect)
    USB_DevInit                              0x08004dd9   Thumb Code   398  stm32f4xx_ll_usb.o(i.USB_DevInit)
    USB_DisableGlobalInt                     0x08004f79   Thumb Code    14  stm32f4xx_ll_usb.o(i.USB_DisableGlobalInt)
    USB_EP0StartXfer                         0x08004f89   Thumb Code   422  stm32f4xx_ll_usb.o(i.USB_EP0StartXfer)
    USB_EP0_OutStart                         0x08005135   Thumb Code    68  stm32f4xx_ll_usb.o(i.USB_EP0_OutStart)
    USB_EPClearStall                         0x08005179   Thumb Code   136  stm32f4xx_ll_usb.o(i.USB_EPClearStall)
    USB_EPSetStall                           0x08005201   Thumb Code   140  stm32f4xx_ll_usb.o(i.USB_EPSetStall)
    USB_EPStartXfer                          0x0800528d   Thumb Code   714  stm32f4xx_ll_usb.o(i.USB_EPStartXfer)
    USB_EnableGlobalInt                      0x0800555d   Thumb Code    14  stm32f4xx_ll_usb.o(i.USB_EnableGlobalInt)
    USB_FlushRxFifo                          0x0800556d   Thumb Code    38  stm32f4xx_ll_usb.o(i.USB_FlushRxFifo)
    USB_FlushTxFifo                          0x08005599   Thumb Code    44  stm32f4xx_ll_usb.o(i.USB_FlushTxFifo)
    USB_GetDevSpeed                          0x080055c9   Thumb Code    68  stm32f4xx_ll_usb.o(i.USB_GetDevSpeed)
    USB_GetMode                              0x0800560d   Thumb Code    10  stm32f4xx_ll_usb.o(i.USB_GetMode)
    USB_RX_Interrupt                         0x08005619   Thumb Code   276  usb_card.o(i.USB_RX_Interrupt)
    USB_ReadDevAllInEpInterrupt              0x08005751   Thumb Code    18  stm32f4xx_ll_usb.o(i.USB_ReadDevAllInEpInterrupt)
    USB_ReadDevAllOutEpInterrupt             0x08005763   Thumb Code    18  stm32f4xx_ll_usb.o(i.USB_ReadDevAllOutEpInterrupt)
    USB_ReadDevInEPInterrupt                 0x08005775   Thumb Code    44  stm32f4xx_ll_usb.o(i.USB_ReadDevInEPInterrupt)
    USB_ReadDevOutEPInterrupt                0x080057a1   Thumb Code    22  stm32f4xx_ll_usb.o(i.USB_ReadDevOutEPInterrupt)
    USB_ReadInterrupts                       0x080057b7   Thumb Code    12  stm32f4xx_ll_usb.o(i.USB_ReadInterrupts)
    USB_ReadPacket                           0x080057c3   Thumb Code    34  stm32f4xx_ll_usb.o(i.USB_ReadPacket)
    USB_SetCurrentMode                       0x080057e5   Thumb Code    48  stm32f4xx_ll_usb.o(i.USB_SetCurrentMode)
    USB_SetDevAddress                        0x08005815   Thumb Code    36  stm32f4xx_ll_usb.o(i.USB_SetDevAddress)
    USB_SetDevSpeed                          0x08005839   Thumb Code    16  stm32f4xx_ll_usb.o(i.USB_SetDevSpeed)
    USB_WritePacket                          0x08005849   Thumb Code    48  stm32f4xx_ll_usb.o(i.USB_WritePacket)
    UsageFault_Handler                       0x08005879   Thumb Code     4  stm32f4xx_it.o(i.UsageFault_Handler)
    __0snprintf$6                            0x0800587d   Thumb Code    44  printf6.o(i.__0snprintf$6)
    __1snprintf$6                            0x0800587d   Thumb Code     0  printf6.o(i.__0snprintf$6)
    __2snprintf                              0x0800587d   Thumb Code     0  printf6.o(i.__0snprintf$6)
    __aeabi_errno_addr                       0x080058ad   Thumb Code     4  errno.o(i.__aeabi_errno_addr)
    __rt_errno_addr                          0x080058ad   Thumb Code     0  errno.o(i.__aeabi_errno_addr)
    __scatterload_copy                       0x080058b5   Thumb Code    14  handlers.o(i.__scatterload_copy)
    __scatterload_null                       0x080058c3   Thumb Code     2  handlers.o(i.__scatterload_null)
    __scatterload_zeroinit                   0x080058c5   Thumb Code    14  handlers.o(i.__scatterload_zeroinit)
    free                                     0x08005c2d   Thumb Code    76  malloc.o(i.free)
    main                                     0x08005c7d   Thumb Code    88  main.o(i.main)
    malloc                                   0x08005ced   Thumb Code    92  malloc.o(i.malloc)
    AHBPrescTable                            0x08005d60   Data          16  system_stm32f4xx.o(.constdata)
    APBPrescTable                            0x08005d70   Data           8  system_stm32f4xx.o(.constdata)
    __ctype_table                            0x08005d78   Data         129  ctype_o.o(.constdata)
    Region$$Table$$Base                      0x08005e00   Number         0  anon$$obj.o(Region$$Table)
    Region$$Table$$Limit                     0x08005e20   Number         0  anon$$obj.o(Region$$Table)
    USBD_CUSTOM_HID                          0x20000000   Data          60  usbd_customhid.o(.data)
    FS_Desc                                  0x200000b4   Data          28  usbd_desc.o(.data)
    USBD_FS_DeviceDesc                       0x200000d0   Data          18  usbd_desc.o(.data)
    USBD_LangIDDesc                          0x200000e4   Data           4  usbd_desc.o(.data)
    USBD_CustomHID_fops_FS                   0x2000012c   Data          16  usbd_custom_hid_if.o(.data)
    USB_Data_Type                            0x2000013c   Data           1  usb_card.o(.data)
    uwTick                                   0x20000140   Data           4  stm32f4xx_hal.o(.data)
    SystemCoreClock                          0x20000144   Data           4  system_stm32f4xx.o(.data)
    __microlib_freelist                      0x2000014c   Data           4  mvars.o(.data)
    __microlib_freelist_initialised          0x20000150   Data           4  mvars.o(.data)
    hUsbDeviceFS                             0x20000158   Data         548  usb_device.o(.bss)
    USBD_StrDesc                             0x2000037c   Data         512  usbd_desc.o(.bss)
    hadc1                                    0x2000057c   Data          72  main.o(.bss)
    hdma_adc1                                0x200005c4   Data          96  main.o(.bss)
    hdac                                     0x20000624   Data          20  main.o(.bss)
    htim2                                    0x20000638   Data          60  main.o(.bss)
    htim3                                    0x20000674   Data          60  main.o(.bss)
    htim12                                   0x200006b0   Data          60  main.o(.bss)
    hpcd_USB_OTG_FS                          0x200006ec   Data        1008  usbd_conf.o(.bss)
    USB_Card_Data                            0x20000adc   Data          28  usb_card.o(.bss)
    __heap_base                              0x20000b78   Data           0  startup_stm32f407xx.o(HEAP)
    __heap_limit                             0x20000d78   Data           0  startup_stm32f407xx.o(HEAP)
    __initial_sp                             0x20001178   Data           0  startup_stm32f407xx.o(STACK)



==============================================================================

Memory Map of the image

  Image Entry point : 0x08000189

  Load Region LR_IROM1 (Base: 0x08000000, Size: 0x00005f78, Max: 0x00100000, ABSOLUTE, COMPRESSED[0x00005ecc])

    Execution Region ER_IROM1 (Base: 0x08000000, Size: 0x00005e20, Max: 0x00100000, ABSOLUTE)

    Base Addr    Size         Type   Attr      Idx    E Section Name        Object

    0x08000000   0x00000188   Data   RO          511    RESET               startup_stm32f407xx.o
    0x08000188   0x00000000   Code   RO         4208  * .ARM.Collect$$$$00000000  mc_w.l(entry.o)
    0x08000188   0x00000004   Code   RO         4514    .ARM.Collect$$$$00000001  mc_w.l(entry2.o)
    0x0800018c   0x00000004   Code   RO         4517    .ARM.Collect$$$$00000004  mc_w.l(entry5.o)
    0x08000190   0x00000000   Code   RO         4519    .ARM.Collect$$$$00000008  mc_w.l(entry7b.o)
    0x08000190   0x00000000   Code   RO         4521    .ARM.Collect$$$$0000000A  mc_w.l(entry8b.o)
    0x08000190   0x00000008   Code   RO         4522    .ARM.Collect$$$$0000000B  mc_w.l(entry9a.o)
    0x08000198   0x00000000   Code   RO         4524    .ARM.Collect$$$$0000000D  mc_w.l(entry10a.o)
    0x08000198   0x00000000   Code   RO         4526    .ARM.Collect$$$$0000000F  mc_w.l(entry11a.o)
    0x08000198   0x00000004   Code   RO         4515    .ARM.Collect$$$$00002712  mc_w.l(entry2.o)
    0x0800019c   0x00000024   Code   RO          512    .text               startup_stm32f407xx.o
    0x080001c0   0x00000024   Code   RO         4211    .text               mc_w.l(memcpya.o)
    0x080001e4   0x0000001c   Code   RO         4213    .text               mc_w.l(strcmp.o)
    0x08000200   0x00000044   Code   RO         4215    .text               mc_w.l(strtok.o)
    0x08000244   0x0000001a   Code   RO         4512    .text               mc_w.l(atoi.o)
    0x0800025e   0x0000002c   Code   RO         4531    .text               mc_w.l(uidiv.o)
    0x0800028a   0x00000070   Code   RO         4544    .text               mc_w.l(strtol.o)
    0x080002fa   0x00000002   PAD
    0x080002fc   0x00000024   Code   RO         4557    .text               mc_w.l(init.o)
    0x08000320   0x00000008   Code   RO         4566    .text               mc_w.l(ctype_o.o)
    0x08000328   0x0000009e   Code   RO         4594    .text               mc_w.l(_strtoul.o)
    0x080003c6   0x0000001c   Code   RO         4599    .text               mc_w.l(_chval.o)
    0x080003e2   0x00000056   Code   RO         4609    .text               mc_w.l(__dczerorl2.o)
    0x08000438   0x0000006e   Code   RO         3860    i.ADC_DMAConvCplt   stm32f4xx_hal_adc.o
    0x080004a6   0x0000001a   Code   RO         3861    i.ADC_DMAError      stm32f4xx_hal_adc.o
    0x080004c0   0x0000000e   Code   RO         3862    i.ADC_DMAHalfConvCplt  stm32f4xx_hal_adc.o
    0x080004ce   0x00000002   PAD
    0x080004d0   0x00000010   Code   RO          685    i.ADC_IRQHandler    stm32f4xx_it.o
    0x080004e0   0x0000016c   Code   RO         3863    i.ADC_Init          stm32f4xx_hal_adc.o
    0x0800064c   0x00000014   Code   RO          797    i.ADC_Read_All      main.o
    0x08000660   0x00000004   Code   RO          686    i.BusFault_Handler  stm32f4xx_it.o
    0x08000664   0x00000004   Code   RO         1089    i.CUSTOM_HID_DeInit_FS  usbd_custom_hid_if.o
    0x08000668   0x00000004   Code   RO         1090    i.CUSTOM_HID_Init_FS  usbd_custom_hid_if.o
    0x0800066c   0x0000000e   Code   RO         1091    i.CUSTOM_HID_OutEvent_FS  usbd_custom_hid_if.o
    0x0800067a   0x00000002   PAD
    0x0800067c   0x0000001c   Code   RO          798    i.Counter_Read_All  main.o
    0x08000698   0x00000024   Code   RO          799    i.Counter_Reset     main.o
    0x080006bc   0x00000030   Code   RO          800    i.DAC_Write_Channel  main.o
    0x080006ec   0x00000010   Code   RO          687    i.DMA2_Stream0_IRQHandler  stm32f4xx_it.o
    0x080006fc   0x00000034   Code   RO         3058    i.DMA_CalcBaseAndBitshift  stm32f4xx_hal_dma.o
    0x08000730   0x000000aa   Code   RO         3059    i.DMA_CheckFifoParam  stm32f4xx_hal_dma.o
    0x080007da   0x0000002c   Code   RO         3060    i.DMA_SetConfig     stm32f4xx_hal_dma.o
    0x08000806   0x00000002   Code   RO          688    i.DebugMon_Handler  stm32f4xx_it.o
    0x08000808   0x00000014   Code   RO          801    i.Error_Handler     main.o
    0x0800081c   0x00000002   Code   RO         1615    i.HAL_ADCEx_InjectedConvCpltCallback  stm32f4xx_hal_adc_ex.o
    0x0800081e   0x00000002   PAD
    0x08000820   0x0000018c   Code   RO         3865    i.HAL_ADC_ConfigChannel  stm32f4xx_hal_adc.o
    0x080009ac   0x00000002   Code   RO         3866    i.HAL_ADC_ConvCpltCallback  stm32f4xx_hal_adc.o
    0x080009ae   0x00000002   Code   RO         3867    i.HAL_ADC_ConvHalfCpltCallback  stm32f4xx_hal_adc.o
    0x080009b0   0x00000002   Code   RO         3869    i.HAL_ADC_ErrorCallback  stm32f4xx_hal_adc.o
    0x080009b2   0x00000174   Code   RO         3873    i.HAL_ADC_IRQHandler  stm32f4xx_hal_adc.o
    0x08000b26   0x00000002   PAD
    0x08000b28   0x00000068   Code   RO         3874    i.HAL_ADC_Init      stm32f4xx_hal_adc.o
    0x08000b90   0x00000002   Code   RO         3875    i.HAL_ADC_LevelOutOfWindowCallback  stm32f4xx_hal_adc.o
    0x08000b92   0x00000002   PAD
    0x08000b94   0x000000a8   Code   RO          625    i.HAL_ADC_MspInit   stm32f4xx_hal_msp.o
    0x08000c3c   0x00000148   Code   RO         3881    i.HAL_ADC_Start_DMA  stm32f4xx_hal_adc.o
    0x08000d84   0x0000005a   Code   RO         1926    i.HAL_DAC_ConfigChannel  stm32f4xx_hal_dac.o
    0x08000dde   0x00000028   Code   RO         1936    i.HAL_DAC_Init      stm32f4xx_hal_dac.o
    0x08000e06   0x00000002   PAD
    0x08000e08   0x00000054   Code   RO          627    i.HAL_DAC_MspInit   stm32f4xx_hal_msp.o
    0x08000e5c   0x0000002c   Code   RO         1939    i.HAL_DAC_SetValue  stm32f4xx_hal_dac.o
    0x08000e88   0x0000008c   Code   RO         1940    i.HAL_DAC_Start     stm32f4xx_hal_dac.o
    0x08000f14   0x00000248   Code   RO         3066    i.HAL_DMA_IRQHandler  stm32f4xx_hal_dma.o
    0x0800115c   0x000000ec   Code   RO         3067    i.HAL_DMA_Init      stm32f4xx_hal_dma.o
    0x08001248   0x0000009e   Code   RO         3071    i.HAL_DMA_Start_IT  stm32f4xx_hal_dma.o
    0x080012e6   0x0000001e   Code   RO         1723    i.HAL_Delay         stm32f4xx_hal.o
    0x08001304   0x00000200   Code   RO         3167    i.HAL_GPIO_Init     stm32f4xx_hal_gpio.o
    0x08001504   0x00000010   Code   RO         3169    i.HAL_GPIO_ReadPin  stm32f4xx_hal_gpio.o
    0x08001514   0x00000008   Code   RO         3170    i.HAL_GPIO_TogglePin  stm32f4xx_hal_gpio.o
    0x0800151c   0x0000000c   Code   RO         3171    i.HAL_GPIO_WritePin  stm32f4xx_hal_gpio.o
    0x08001528   0x0000000c   Code   RO         1729    i.HAL_GetTick       stm32f4xx_hal.o
    0x08001534   0x00000010   Code   RO         1731    i.HAL_IncTick       stm32f4xx_hal.o
    0x08001544   0x0000003c   Code   RO         1732    i.HAL_Init          stm32f4xx_hal.o
    0x08001580   0x00000028   Code   RO         1733    i.HAL_InitTick      stm32f4xx_hal.o
    0x080015a8   0x00000056   Code   RO          628    i.HAL_MspInit       stm32f4xx_hal_msp.o
    0x080015fe   0x0000001a   Code   RO         3235    i.HAL_NVIC_EnableIRQ  stm32f4xx_hal_cortex.o
    0x08001618   0x0000007c   Code   RO         3241    i.HAL_NVIC_SetPriority  stm32f4xx_hal_cortex.o
    0x08001694   0x00000028   Code   RO         3242    i.HAL_NVIC_SetPriorityGrouping  stm32f4xx_hal_cortex.o
    0x080016bc   0x0000000a   Code   RO         1196    i.HAL_PCDEx_SetRxFiFo  stm32f4xx_hal_pcd_ex.o
    0x080016c6   0x00000052   Code   RO         1197    i.HAL_PCDEx_SetTxFiFo  stm32f4xx_hal_pcd_ex.o
    0x08001718   0x0000000e   Code   RO          900    i.HAL_PCD_ConnectCallback  usbd_conf.o
    0x08001726   0x00000020   Code   RO          901    i.HAL_PCD_DataInStageCallback  usbd_conf.o
    0x08001746   0x00000020   Code   RO          902    i.HAL_PCD_DataOutStageCallback  usbd_conf.o
    0x08001766   0x0000000e   Code   RO          903    i.HAL_PCD_DisconnectCallback  usbd_conf.o
    0x08001774   0x0000006a   Code   RO         2852    i.HAL_PCD_EP_Close  stm32f4xx_hal_pcd.o
    0x080017de   0x00000068   Code   RO         2853    i.HAL_PCD_EP_ClrStall  stm32f4xx_hal_pcd.o
    0x08001846   0x0000008c   Code   RO         2856    i.HAL_PCD_EP_Open   stm32f4xx_hal_pcd.o
    0x080018d2   0x00000058   Code   RO         2857    i.HAL_PCD_EP_Receive  stm32f4xx_hal_pcd.o
    0x0800192a   0x0000007a   Code   RO         2858    i.HAL_PCD_EP_SetStall  stm32f4xx_hal_pcd.o
    0x080019a4   0x0000005a   Code   RO         2859    i.HAL_PCD_EP_Transmit  stm32f4xx_hal_pcd.o
    0x080019fe   0x00000002   PAD
    0x08001a00   0x00000694   Code   RO         2861    i.HAL_PCD_IRQHandler  stm32f4xx_hal_pcd.o
    0x08002094   0x00000012   Code   RO          904    i.HAL_PCD_ISOINIncompleteCallback  usbd_conf.o
    0x080020a6   0x00000012   Code   RO          905    i.HAL_PCD_ISOOUTIncompleteCallback  usbd_conf.o
    0x080020b8   0x00000142   Code   RO         2864    i.HAL_PCD_Init      stm32f4xx_hal_pcd.o
    0x080021fa   0x00000002   PAD
    0x080021fc   0x0000007c   Code   RO          907    i.HAL_PCD_MspInit   usbd_conf.o
    0x08002278   0x00000032   Code   RO          908    i.HAL_PCD_ResetCallback  usbd_conf.o
    0x080022aa   0x0000000e   Code   RO          909    i.HAL_PCD_ResumeCallback  usbd_conf.o
    0x080022b8   0x0000000e   Code   RO          910    i.HAL_PCD_SOFCallback  usbd_conf.o
    0x080022c6   0x00000032   Code   RO         2870    i.HAL_PCD_SetAddress  stm32f4xx_hal_pcd.o
    0x080022f8   0x00000012   Code   RO          911    i.HAL_PCD_SetupStageCallback  usbd_conf.o
    0x0800230a   0x00000034   Code   RO         2872    i.HAL_PCD_Start     stm32f4xx_hal_pcd.o
    0x0800233e   0x00000002   PAD
    0x08002340   0x00000034   Code   RO          912    i.HAL_PCD_SuspendCallback  usbd_conf.o
    0x08002374   0x000001d0   Code   RO         4031    i.HAL_RCC_ClockConfig  stm32f4xx_hal_rcc.o
    0x08002544   0x0000000c   Code   RO         4036    i.HAL_RCC_GetHCLKFreq  stm32f4xx_hal_rcc.o
    0x08002550   0x000000b4   Code   RO         4040    i.HAL_RCC_GetSysClockFreq  stm32f4xx_hal_rcc.o
    0x08002604   0x0000044c   Code   RO         4043    i.HAL_RCC_OscConfig  stm32f4xx_hal_rcc.o
    0x08002a50   0x00000028   Code   RO         3244    i.HAL_SYSTICK_CLKSourceConfig  stm32f4xx_hal_cortex.o
    0x08002a78   0x00000002   Code   RO         3245    i.HAL_SYSTICK_Callback  stm32f4xx_hal_cortex.o
    0x08002a7a   0x00000034   Code   RO         3246    i.HAL_SYSTICK_Config  stm32f4xx_hal_cortex.o
    0x08002aae   0x00000008   Code   RO         3247    i.HAL_SYSTICK_IRQHandler  stm32f4xx_hal_cortex.o
    0x08002ab6   0x00000002   Code   RO         1226    i.HAL_TIMEx_BreakCallback  stm32f4xx_hal_tim_ex.o
    0x08002ab8   0x00000002   Code   RO         1227    i.HAL_TIMEx_CommutationCallback  stm32f4xx_hal_tim_ex.o
    0x08002aba   0x00000062   Code   RO         1243    i.HAL_TIMEx_MasterConfigSynchronization  stm32f4xx_hal_tim_ex.o
    0x08002b1c   0x00000034   Code   RO         2084    i.HAL_TIM_Base_Init  stm32f4xx_hal_tim.o
    0x08002b50   0x000000fc   Code   RO          630    i.HAL_TIM_Base_MspInit  stm32f4xx_hal_msp.o
    0x08002c4c   0x0000001e   Code   RO         2089    i.HAL_TIM_Base_Start_IT  stm32f4xx_hal_tim.o
    0x08002c6a   0x00000132   Code   RO         2093    i.HAL_TIM_ConfigClockSource  stm32f4xx_hal_tim.o
    0x08002d9c   0x00000002   Code   RO         2113    i.HAL_TIM_IC_CaptureCallback  stm32f4xx_hal_tim.o
    0x08002d9e   0x00000196   Code   RO         2126    i.HAL_TIM_IRQHandler  stm32f4xx_hal_tim.o
    0x08002f34   0x00000002   Code   RO         2129    i.HAL_TIM_OC_DelayElapsedCallback  stm32f4xx_hal_tim.o
    0x08002f36   0x00000002   Code   RO         2156    i.HAL_TIM_PWM_PulseFinishedCallback  stm32f4xx_hal_tim.o
    0x08002f38   0x00000002   Code   RO         2163    i.HAL_TIM_PeriodElapsedCallback  stm32f4xx_hal_tim.o
    0x08002f3a   0x00000056   Code   RO         2165    i.HAL_TIM_SlaveConfigSynchronization  stm32f4xx_hal_tim.o
    0x08002f90   0x00000002   Code   RO         2167    i.HAL_TIM_TriggerCallback  stm32f4xx_hal_tim.o
    0x08002f92   0x00000004   Code   RO          689    i.HardFault_Handler  stm32f4xx_it.o
    0x08002f96   0x00000002   PAD
    0x08002f98   0x000000b4   Code   RO         1129    i.Loop_Cycle        usb_card.o
    0x0800304c   0x0000007c   Code   RO          802    i.MX_ADC1_Init      main.o
    0x080030c8   0x00000044   Code   RO          803    i.MX_DAC_Init       main.o
    0x0800310c   0x00000038   Code   RO          804    i.MX_DMA_Init       main.o
    0x08003144   0x00000188   Code   RO          805    i.MX_GPIO_Init      main.o
    0x080032cc   0x00000054   Code   RO          806    i.MX_TIM12_Init     main.o
    0x08003320   0x0000005c   Code   RO          807    i.MX_TIM2_Init      main.o
    0x0800337c   0x00000068   Code   RO          808    i.MX_TIM3_Init      main.o
    0x080033e4   0x00000034   Code   RO          519    i.MX_USB_DEVICE_Init  usb_device.o
    0x08003418   0x00000004   Code   RO          690    i.MemManage_Handler  stm32f4xx_it.o
    0x0800341c   0x00000002   Code   RO          691    i.NMI_Handler       stm32f4xx_it.o
    0x0800341e   0x00000002   PAD
    0x08003420   0x00000010   Code   RO         3248    i.NVIC_GetPriorityGrouping  stm32f4xx_hal_cortex.o
    0x08003430   0x00000028   Code   RO         3249    i.NVIC_SetPriority  stm32f4xx_hal_cortex.o
    0x08003458   0x00000010   Code   RO          692    i.OTG_FS_IRQHandler  stm32f4xx_it.o
    0x08003468   0x000000a2   Code   RO         2875    i.PCD_WriteEmptyTxFifo  stm32f4xx_hal_pcd.o
    0x0800350a   0x00000002   Code   RO          693    i.PendSV_Handler    stm32f4xx_it.o
    0x0800350c   0x00000002   Code   RO          694    i.SVC_Handler       stm32f4xx_it.o
    0x0800350e   0x0000000c   Code   RO          695    i.SysTick_Handler   stm32f4xx_it.o
    0x0800351a   0x00000002   PAD
    0x0800351c   0x000000c4   Code   RO          809    i.SystemClock_Config  main.o
    0x080035e0   0x00000064   Code   RO         4175    i.SystemInit        system_stm32f4xx.o
    0x08003644   0x00000014   Code   RO          696    i.TIM2_IRQHandler   stm32f4xx_it.o
    0x08003658   0x00000010   Code   RO          697    i.TIM3_IRQHandler   stm32f4xx_it.o
    0x08003668   0x00000010   Code   RO          698    i.TIM8_BRK_TIM12_IRQHandler  stm32f4xx_it.o
    0x08003678   0x000000e4   Code   RO         2168    i.TIM_Base_SetConfig  stm32f4xx_hal_tim.o
    0x0800375c   0x00000018   Code   RO         2175    i.TIM_ETR_SetConfig  stm32f4xx_hal_tim.o
    0x08003774   0x00000014   Code   RO         2176    i.TIM_ITRx_SetConfig  stm32f4xx_hal_tim.o
    0x08003788   0x000000a4   Code   RO         2181    i.TIM_SlaveTimer_SetConfig  stm32f4xx_hal_tim.o
    0x0800382c   0x0000002a   Code   RO         2182    i.TIM_TI1_ConfigInputStage  stm32f4xx_hal_tim.o
    0x08003856   0x0000002c   Code   RO         2184    i.TIM_TI2_ConfigInputStage  stm32f4xx_hal_tim.o
    0x08003882   0x00000002   PAD
    0x08003884   0x00000010   Code   RO         1130    i.UC_AI             usb_card.o
    0x08003894   0x0000001c   Code   RO         1131    i.UC_AO             usb_card.o
    0x080038b0   0x00000010   Code   RO         1132    i.UC_C              usb_card.o
    0x080038c0   0x00000078   Code   RO         1133    i.UC_DI             usb_card.o
    0x08003938   0x000000fc   Code   RO         1134    i.UC_DO             usb_card.o
    0x08003a34   0x0000000e   Code   RO          199    i.USBD_CUSTOM_HID_DataIn  usbd_customhid.o
    0x08003a42   0x00000026   Code   RO          200    i.USBD_CUSTOM_HID_DataOut  usbd_customhid.o
    0x08003a68   0x00000036   Code   RO          201    i.USBD_CUSTOM_HID_DeInit  usbd_customhid.o
    0x08003a9e   0x00000022   Code   RO          202    i.USBD_CUSTOM_HID_EP0_RxReady  usbd_customhid.o
    0x08003ac0   0x00000010   Code   RO          203    i.USBD_CUSTOM_HID_GetCfgDesc  usbd_customhid.o
    0x08003ad0   0x00000010   Code   RO          204    i.USBD_CUSTOM_HID_GetDeviceQualifierDesc  usbd_customhid.o
    0x08003ae0   0x0000005a   Code   RO          205    i.USBD_CUSTOM_HID_Init  usbd_customhid.o
    0x08003b3a   0x0000000e   Code   RO          206    i.USBD_CUSTOM_HID_RegisterInterface  usbd_customhid.o
    0x08003b48   0x00000034   Code   RO          207    i.USBD_CUSTOM_HID_SendReport  usbd_customhid.o
    0x08003b7c   0x000000fc   Code   RO          208    i.USBD_CUSTOM_HID_Setup  usbd_customhid.o
    0x08003c78   0x00000016   Code   RO          279    i.USBD_ClrClassConfig  usbd_core.o
    0x08003c8e   0x00000044   Code   RO          417    i.USBD_ClrFeature   usbd_ctlreq.o
    0x08003cd2   0x00000018   Code   RO            4    i.USBD_CtlContinueRx  usbd_ioreq.o
    0x08003cea   0x00000018   Code   RO            5    i.USBD_CtlContinueSendData  usbd_ioreq.o
    0x08003d02   0x00000018   Code   RO          418    i.USBD_CtlError     usbd_ctlreq.o
    0x08003d1a   0x00000028   Code   RO            6    i.USBD_CtlPrepareRx  usbd_ioreq.o
    0x08003d42   0x0000001a   Code   RO            7    i.USBD_CtlReceiveStatus  usbd_ioreq.o
    0x08003d5c   0x00000022   Code   RO            8    i.USBD_CtlSendData  usbd_ioreq.o
    0x08003d7e   0x0000001a   Code   RO            9    i.USBD_CtlSendStatus  usbd_ioreq.o
    0x08003d98   0x0000003c   Code   RO          557    i.USBD_FS_ConfigStrDescriptor  usbd_desc.o
    0x08003dd4   0x00000010   Code   RO          558    i.USBD_FS_DeviceDescriptor  usbd_desc.o
    0x08003de4   0x00000044   Code   RO          559    i.USBD_FS_InterfaceStrDescriptor  usbd_desc.o
    0x08003e28   0x00000010   Code   RO          560    i.USBD_FS_LangIDStrDescriptor  usbd_desc.o
    0x08003e38   0x00000028   Code   RO          561    i.USBD_FS_ManufacturerStrDescriptor  usbd_desc.o
    0x08003e60   0x0000003c   Code   RO          562    i.USBD_FS_ProductStrDescriptor  usbd_desc.o
    0x08003e9c   0x00000038   Code   RO          563    i.USBD_FS_SerialStrDescriptor  usbd_desc.o
    0x08003ed4   0x00000050   Code   RO          419    i.USBD_GetConfig    usbd_ctlreq.o
    0x08003f24   0x00000150   Code   RO          420    i.USBD_GetDescriptor  usbd_ctlreq.o
    0x08004074   0x00000014   Code   RO          421    i.USBD_GetLen       usbd_ctlreq.o
    0x08004088   0x00000044   Code   RO          422    i.USBD_GetStatus    usbd_ctlreq.o
    0x080040cc   0x00000052   Code   RO          423    i.USBD_GetString    usbd_ctlreq.o
    0x0800411e   0x00000032   Code   RO          281    i.USBD_Init         usbd_core.o
    0x08004150   0x00000044   Code   RO          913    i.USBD_LL_ClearStallEP  usbd_conf.o
    0x08004194   0x00000044   Code   RO          914    i.USBD_LL_CloseEP   usbd_conf.o
    0x080041d8   0x000000da   Code   RO          282    i.USBD_LL_DataInStage  usbd_core.o
    0x080042b2   0x00000086   Code   RO          283    i.USBD_LL_DataOutStage  usbd_core.o
    0x08004338   0x00000006   Code   RO          284    i.USBD_LL_DevConnected  usbd_core.o
    0x0800433e   0x0000001a   Code   RO          285    i.USBD_LL_DevDisconnected  usbd_core.o
    0x08004358   0x00000070   Code   RO          919    i.USBD_LL_Init      usbd_conf.o
    0x080043c8   0x00000038   Code   RO          920    i.USBD_LL_IsStallEP  usbd_conf.o
    0x08004400   0x00000006   Code   RO          286    i.USBD_LL_IsoINIncomplete  usbd_core.o
    0x08004406   0x00000006   Code   RO          287    i.USBD_LL_IsoOUTIncomplete  usbd_core.o
    0x0800440c   0x00000062   Code   RO          921    i.USBD_LL_OpenEP    usbd_conf.o
    0x0800446e   0x00000062   Code   RO          922    i.USBD_LL_PrepareReceive  usbd_conf.o
    0x080044d0   0x00000044   Code   RO          288    i.USBD_LL_Reset     usbd_core.o
    0x08004514   0x0000000e   Code   RO          289    i.USBD_LL_Resume    usbd_core.o
    0x08004522   0x00000022   Code   RO          290    i.USBD_LL_SOF       usbd_core.o
    0x08004544   0x00000008   Code   RO          291    i.USBD_LL_SetSpeed  usbd_core.o
    0x0800454c   0x00000044   Code   RO          923    i.USBD_LL_SetUSBAddress  usbd_conf.o
    0x08004590   0x0000006e   Code   RO          292    i.USBD_LL_SetupStage  usbd_core.o
    0x080045fe   0x00000044   Code   RO          924    i.USBD_LL_StallEP   usbd_conf.o
    0x08004642   0x0000003c   Code   RO          925    i.USBD_LL_Start     usbd_conf.o
    0x0800467e   0x00000014   Code   RO          293    i.USBD_LL_Suspend   usbd_core.o
    0x08004692   0x00000062   Code   RO          927    i.USBD_LL_Transmit  usbd_conf.o
    0x080046f4   0x00000028   Code   RO          424    i.USBD_ParseSetupRequest  usbd_ctlreq.o
    0x0800471c   0x00000010   Code   RO          294    i.USBD_RegisterClass  usbd_core.o
    0x0800472c   0x00000006   Code   RO          295    i.USBD_RunTestMode  usbd_core.o
    0x08004732   0x00000054   Code   RO          425    i.USBD_SetAddress   usbd_ctlreq.o
    0x08004786   0x00000022   Code   RO          296    i.USBD_SetClassConfig  usbd_core.o
    0x080047a8   0x000000e0   Code   RO          426    i.USBD_SetConfig    usbd_ctlreq.o
    0x08004888   0x00000024   Code   RO          427    i.USBD_SetFeature   usbd_ctlreq.o
    0x080048ac   0x0000000e   Code   RO          297    i.USBD_Start        usbd_core.o
    0x080048ba   0x00000072   Code   RO          428    i.USBD_StdDevReq    usbd_ctlreq.o
    0x0800492c   0x00000156   Code   RO          429    i.USBD_StdEPReq     usbd_ctlreq.o
    0x08004a82   0x0000004a   Code   RO          430    i.USBD_StdItfReq    usbd_ctlreq.o
    0x08004acc   0x000000c4   Code   RO         3573    i.USB_ActivateEndpoint  stm32f4xx_ll_usb.o
    0x08004b90   0x00000044   Code   RO         3574    i.USB_ActivateSetup  stm32f4xx_ll_usb.o
    0x08004bd4   0x00000070   Code   RO         3576    i.USB_CoreInit      stm32f4xx_ll_usb.o
    0x08004c44   0x0000004c   Code   RO         3577    i.USB_CoreReset     stm32f4xx_ll_usb.o
    0x08004c90   0x0000010c   Code   RO         3579    i.USB_DeactivateEndpoint  stm32f4xx_ll_usb.o
    0x08004d9c   0x0000001e   Code   RO         3580    i.USB_DevConnect    stm32f4xx_ll_usb.o
    0x08004dba   0x0000001e   Code   RO         3581    i.USB_DevDisconnect  stm32f4xx_ll_usb.o
    0x08004dd8   0x000001a0   Code   RO         3582    i.USB_DevInit       stm32f4xx_ll_usb.o
    0x08004f78   0x0000000e   Code   RO         3583    i.USB_DisableGlobalInt  stm32f4xx_ll_usb.o
    0x08004f86   0x00000002   PAD
    0x08004f88   0x000001ac   Code   RO         3586    i.USB_EP0StartXfer  stm32f4xx_ll_usb.o
    0x08005134   0x00000044   Code   RO         3587    i.USB_EP0_OutStart  stm32f4xx_ll_usb.o
    0x08005178   0x00000088   Code   RO         3588    i.USB_EPClearStall  stm32f4xx_ll_usb.o
    0x08005200   0x0000008c   Code   RO         3589    i.USB_EPSetStall    stm32f4xx_ll_usb.o
    0x0800528c   0x000002d0   Code   RO         3590    i.USB_EPStartXfer   stm32f4xx_ll_usb.o
    0x0800555c   0x0000000e   Code   RO         3591    i.USB_EnableGlobalInt  stm32f4xx_ll_usb.o
    0x0800556a   0x00000002   PAD
    0x0800556c   0x0000002c   Code   RO         3592    i.USB_FlushRxFifo   stm32f4xx_ll_usb.o
    0x08005598   0x00000030   Code   RO         3593    i.USB_FlushTxFifo   stm32f4xx_ll_usb.o
    0x080055c8   0x00000044   Code   RO         3595    i.USB_GetDevSpeed   stm32f4xx_ll_usb.o
    0x0800560c   0x0000000a   Code   RO         3597    i.USB_GetMode       stm32f4xx_ll_usb.o
    0x08005616   0x00000002   PAD
    0x08005618   0x00000138   Code   RO         1135    i.USB_RX_Interrupt  usb_card.o
    0x08005750   0x00000012   Code   RO         3604    i.USB_ReadDevAllInEpInterrupt  stm32f4xx_ll_usb.o
    0x08005762   0x00000012   Code   RO         3605    i.USB_ReadDevAllOutEpInterrupt  stm32f4xx_ll_usb.o
    0x08005774   0x0000002c   Code   RO         3606    i.USB_ReadDevInEPInterrupt  stm32f4xx_ll_usb.o
    0x080057a0   0x00000016   Code   RO         3607    i.USB_ReadDevOutEPInterrupt  stm32f4xx_ll_usb.o
    0x080057b6   0x0000000c   Code   RO         3608    i.USB_ReadInterrupts  stm32f4xx_ll_usb.o
    0x080057c2   0x00000022   Code   RO         3609    i.USB_ReadPacket    stm32f4xx_ll_usb.o
    0x080057e4   0x00000030   Code   RO         3611    i.USB_SetCurrentMode  stm32f4xx_ll_usb.o
    0x08005814   0x00000024   Code   RO         3612    i.USB_SetDevAddress  stm32f4xx_ll_usb.o
    0x08005838   0x00000010   Code   RO         3613    i.USB_SetDevSpeed   stm32f4xx_ll_usb.o
    0x08005848   0x00000030   Code   RO         3616    i.USB_WritePacket   stm32f4xx_ll_usb.o
    0x08005878   0x00000004   Code   RO          699    i.UsageFault_Handler  stm32f4xx_it.o
    0x0800587c   0x00000030   Code   RO         4379    i.__0snprintf$6     mc_w.l(printf6.o)
    0x080058ac   0x00000008   Code   RO         4537    i.__aeabi_errno_addr  mc_w.l(errno.o)
    0x080058b4   0x0000000e   Code   RO         4603    i.__scatterload_copy  mc_w.l(handlers.o)
    0x080058c2   0x00000002   Code   RO         4604    i.__scatterload_null  mc_w.l(handlers.o)
    0x080058c4   0x0000000e   Code   RO         4605    i.__scatterload_zeroinit  mc_w.l(handlers.o)
    0x080058d2   0x00000002   PAD
    0x080058d4   0x000002f0   Code   RO         4385    i._printf_core      mc_w.l(printf6.o)
    0x08005bc4   0x00000024   Code   RO         4386    i._printf_post_padding  mc_w.l(printf6.o)
    0x08005be8   0x0000002e   Code   RO         4387    i._printf_pre_padding  mc_w.l(printf6.o)
    0x08005c16   0x00000016   Code   RO         4388    i._snputc           mc_w.l(printf6.o)
    0x08005c2c   0x00000050   Code   RO         4484    i.free              mc_w.l(malloc.o)
    0x08005c7c   0x00000070   Code   RO          810    i.main              main.o
    0x08005cec   0x0000006c   Code   RO         4485    i.malloc            mc_w.l(malloc.o)
    0x08005d58   0x00000008   Data   RO         3073    .constdata          stm32f4xx_hal_dma.o
    0x08005d60   0x00000018   Data   RO         4176    .constdata          system_stm32f4xx.o
    0x08005d78   0x00000081   Data   RO         4567    .constdata          mc_w.l(ctype_o.o)
    0x08005df9   0x00000003   PAD
    0x08005dfc   0x00000004   Data   RO         4568    .constdata          mc_w.l(ctype_o.o)
    0x08005e00   0x00000020   Data   RO         4601    Region$$Table       anon$$obj.o


    Execution Region RW_IRAM1 (Base: 0x20000000, Size: 0x00001178, Max: 0x00020000, ABSOLUTE, COMPRESSED[0x000000ac])

    Base Addr    Size         Type   Attr      Idx    E Section Name        Object

    0x20000000   0x000000b2   Data   RW          209    .data               usbd_customhid.o
    0x200000b2   0x00000001   Data   RW          431    .data               usbd_ctlreq.o
    0x200000b3   0x00000001   PAD
    0x200000b4   0x00000034   Data   RW          565    .data               usbd_desc.o
    0x200000e8   0x00000004   Data   RW          812    .data               main.o
    0x200000ec   0x00000050   Data   RW         1092    .data               usbd_custom_hid_if.o
    0x2000013c   0x00000001   Data   RW         1137    .data               usb_card.o
    0x2000013d   0x00000003   PAD
    0x20000140   0x00000004   Data   RW         1738    .data               stm32f4xx_hal.o
    0x20000144   0x00000004   Data   RW         4177    .data               system_stm32f4xx.o
    0x20000148   0x00000004   Data   RW         4216    .data               mc_w.l(strtok.o)
    0x2000014c   0x00000004   Data   RW         4535    .data               mc_w.l(mvars.o)
    0x20000150   0x00000004   Data   RW         4536    .data               mc_w.l(mvars.o)
    0x20000154   0x00000004   Data   RW         4540    .data               mc_w.l(errno.o)
    0x20000158   0x00000224   Zero   RW          520    .bss                usb_device.o
    0x2000037c   0x00000200   Zero   RW          564    .bss                usbd_desc.o
    0x2000057c   0x00000170   Zero   RW          811    .bss                main.o
    0x200006ec   0x000003f0   Zero   RW          928    .bss                usbd_conf.o
    0x20000adc   0x0000009c   Zero   RW         1136    .bss                usb_card.o
    0x20000b78   0x00000200   Zero   RW          510    HEAP                startup_stm32f407xx.o
    0x20000d78   0x00000400   Zero   RW          509    STACK               startup_stm32f407xx.o


==============================================================================

Image component sizes


      Code (inc. data)   RO Data    RW Data    ZI Data      Debug   Object Name

      1380        148          0          4        368       8440   main.o
        36          8        392          0       1536        804   startup_stm32f407xx.o
       158         20          0          4          0       4415   stm32f4xx_hal.o
      1722         58          0          0          0       8809   stm32f4xx_hal_adc.o
         2          0          0          0          0       1005   stm32f4xx_hal_adc_ex.o
       348         22          0          0          0      32609   stm32f4xx_hal_cortex.o
       314          0          0          0          0       3554   stm32f4xx_hal_dac.o
      1244         20          8          0          0       5543   stm32f4xx_hal_dma.o
       548         46          0          0          0       3592   stm32f4xx_hal_gpio.o
       590         58          0          0          0       3081   stm32f4xx_hal_msp.o
      2920         46          0          0          0      10333   stm32f4xx_hal_pcd.o
        92          0          0          0          0       1828   stm32f4xx_hal_pcd_ex.o
      1756         64          0          0          0       4290   stm32f4xx_hal_rcc.o
      1412         52          0          0          0      11612   stm32f4xx_hal_tim.o
       102          0          0          0          0       2330   stm32f4xx_hal_tim_ex.o
       136         36          0          0          0       7041   stm32f4xx_it.o
      3182         64          0          0          0      20694   stm32f4xx_ll_usb.o
       100         18         24          4          0       1151   system_stm32f4xx.o
       924        148          0          1        156       4985   usb_card.o
        52         16          0          0        548       2102   usb_device.o
      1194         20          0          0       1008      14734   usbd_conf.o
       792          0          0          0          0      12813   usbd_core.o
      1592         30          0          1          0      10880   usbd_ctlreq.o
        22          0          0         80          0       2128   usbd_custom_hid_if.o
       580         28          0        178          0       9683   usbd_customhid.o
       316        140          0         52        512       5395   usbd_desc.o
       174          0          0          0          0     706456   usbd_ioreq.o

    ----------------------------------------------------------------------
     21720       1042        456        328       4128     900307   Object Totals
         0          0         32          0          0          0   (incl. Generated)
        32          0          0          4          0          0   (incl. Padding)

    ----------------------------------------------------------------------

      Code (inc. data)   RO Data    RW Data    ZI Data      Debug   Library Member Name

        86          0          0          0          0          0   __dczerorl2.o
        28          0          0          0          0         68   _chval.o
       158          0          0          0          0         92   _strtoul.o
        26          0          0          0          0         80   atoi.o
         8          4        133          0          0         68   ctype_o.o
         0          0          0          0          0          0   entry.o
         0          0          0          0          0          0   entry10a.o
         0          0          0          0          0          0   entry11a.o
         8          4          0          0          0          0   entry2.o
         4          0          0          0          0          0   entry5.o
         0          0          0          0          0          0   entry7b.o
         0          0          0          0          0          0   entry8b.o
         8          4          0          0          0          0   entry9a.o
         8          4          0          4          0         68   errno.o
        30          0          0          0          0          0   handlers.o
        36          8          0          0          0         68   init.o
       188         20          0          0          0        160   malloc.o
        36          0          0          0          0         68   memcpya.o
         0          0          0          8          0          0   mvars.o
       904          8          0          0          0        420   printf6.o
        28          0          0          0          0         76   strcmp.o
        68          6          0          4          0         80   strtok.o
       112          0          0          0          0         88   strtol.o
        44          0          0          0          0         80   uidiv.o

    ----------------------------------------------------------------------
      1784         58        136         16          0       1416   Library Totals
         4          0          3          0          0          0   (incl. Padding)

    ----------------------------------------------------------------------

      Code (inc. data)   RO Data    RW Data    ZI Data      Debug   Library Name

      1780         58        133         16          0       1416   mc_w.l

    ----------------------------------------------------------------------
      1784         58        136         16          0       1416   Library Totals

    ----------------------------------------------------------------------

==============================================================================


      Code (inc. data)   RO Data    RW Data    ZI Data      Debug   

     23504       1100        592        344       4128     879131   Grand Totals
     23504       1100        592        172       4128     879131   ELF Image Totals (compressed)
     23504       1100        592        172          0          0   ROM Totals

==============================================================================

    Total RO  Size (Code + RO Data)                24096 (  23.53kB)
    Total RW  Size (RW Data + ZI Data)              4472 (   4.37kB)
    Total ROM Size (Code + RO Data + RW Data)      24268 (  23.70kB)

==============================================================================

